################################################################################
#                                                                              #
#      IAR Universal Linker V5.0.2.5/W32                                       #
#                                                                              #
#           Link time     =  02/Mar/2015  22:15:06                             #
#           Target CPU    =  x51                                               #
#           List file     =  Y:\GitHub\CC2350PigRun\DS18B20tempeture\采样程序\ #
#                            ide\srf05_cc2530\iar\temp\light_switch.map        #
#           Output file 1 =  Y:\GitHub\CC2350PigRun\DS18B20tempeture\采样程序\ #
#                            ide\srf05_cc2530\iar\light_switch.hex             #
#                            Format: intel-extended                            #
#           Output file 2 =  Y:\GitHub\CC2350PigRun\DS18B20tempeture\采样程序\ #
#                            ide\srf05_cc2530\iar\light_switch.d51             #
#                            Format: debug                                     #
#                            UBROF version 10.0.3                              #
#                            Using library modules for C-SPY (-rt)             #
#           Command line  =  "-IC:\Program Files\IAR Systems\Embedded Workbenc #
#                            h 6.0 Evaluation\8051\CONFIG\"                    #
#                            -D_NR_OF_BANKS=0x07 -D_CODEBANK_END=0xFFFF        #
#                            -D_CODEBANK_START=0x8000 -D?CBANK_MASK=0xFF       #
#                            -D?CBANK=0x9F                                     #
#                            Y:\GitHub\CC2350PigRun\DS18B20tempeture\采样程序\ #
#                            ide\srf05_cc2530\iar\temp\light_switch\AD_sample. #
#                            r51                                               #
#                            Y:\GitHub\CC2350PigRun\DS18B20tempeture\采样程序\ #
#                            ide\srf05_cc2530\iar\temp\light_switch\adc.r51    #
#                            Y:\GitHub\CC2350PigRun\DS18B20tempeture\采样程序\ #
#                            ide\srf05_cc2530\iar\temp\light_switch\basic_rf.r #
#                            51                                                #
#                            Y:\GitHub\CC2350PigRun\DS18B20tempeture\采样程序\ #
#                            ide\srf05_cc2530\iar\temp\light_switch\basic_rf_s #
#                            ecurity.r51                                       #
#                            Y:\GitHub\CC2350PigRun\DS18B20tempeture\采样程序\ #
#                            ide\srf05_cc2530\iar\temp\light_switch\clock.r51  #
#                            Y:\GitHub\CC2350PigRun\DS18B20tempeture\采样程序\ #
#                            ide\srf05_cc2530\iar\temp\light_switch\ds18b20.r5 #
#                            1                                                 #
#                            Y:\GitHub\CC2350PigRun\DS18B20tempeture\采样程序\ #
#                            ide\srf05_cc2530\iar\temp\light_switch\hal_assert #
#                            .r51                                              #
#                            Y:\GitHub\CC2350PigRun\DS18B20tempeture\采样程序\ #
#                            ide\srf05_cc2530\iar\temp\light_switch\hal_board. #
#                            r51                                               #
#                            Y:\GitHub\CC2350PigRun\DS18B20tempeture\采样程序\ #
#                            ide\srf05_cc2530\iar\temp\light_switch\hal_digio. #
#                            r51                                               #
#                            Y:\GitHub\CC2350PigRun\DS18B20tempeture\采样程序\ #
#                            ide\srf05_cc2530\iar\temp\light_switch\hal_int.r5 #
#                            1                                                 #
#                            Y:\GitHub\CC2350PigRun\DS18B20tempeture\采样程序\ #
#                            ide\srf05_cc2530\iar\temp\light_switch\hal_lcd_sr #
#                            f05.r51                                           #
#                            Y:\GitHub\CC2350PigRun\DS18B20tempeture\采样程序\ #
#                            ide\srf05_cc2530\iar\temp\light_switch\hal_mcu.r5 #
#                            1                                                 #
#                            Y:\GitHub\CC2350PigRun\DS18B20tempeture\采样程序\ #
#                            ide\srf05_cc2530\iar\temp\light_switch\hal_rf.r51 #
#                            Y:\GitHub\CC2350PigRun\DS18B20tempeture\采样程序\ #
#                            ide\srf05_cc2530\iar\temp\light_switch\hal_rf_sec #
#                            urity.r51                                         #
#                            Y:\GitHub\CC2350PigRun\DS18B20tempeture\采样程序\ #
#                            ide\srf05_cc2530\iar\temp\light_switch\util.r51   #
#                            Y:\GitHub\CC2350PigRun\DS18B20tempeture\采样程序\ #
#                            ide\srf05_cc2530\iar\temp\light_switch\util_buffe #
#                            r.r51                                             #
#                            -o                                                #
#                            Y:\GitHub\CC2350PigRun\DS18B20tempeture\采样程序\ #
#                            ide\srf05_cc2530\iar\light_switch.d51             #
#                            -l                                                #
#                            Y:\GitHub\CC2350PigRun\DS18B20tempeture\采样程序\ #
#                            ide\srf05_cc2530\iar\temp\light_switch.map        #
#                            -xmsn                                             #
#                            "-IC:\Program Files\IAR Systems\Embedded Workbenc #
#                            h 6.0 Evaluation\8051\LIB\"                       #
#                            -f                                                #
#                            "C:\Program Files\IAR Systems\Embedded Workbench  #
#                            6.0 Evaluation\8051\config\devices\Texas Instrume #
#                            nts\lnk51ew_CC2530F256_banked.xcl"                #
#                            (-D_IDATA0_START=0x00 -D_IDATA0_END=0xFF          #
#                            -D_PDATA0_START=0x1E00 -D_PDATA0_END=0x1EFF       #
#                            -D_IXDATA0_START=0x0001 -D_IXDATA0_END=0x1EFF     #
#                            -D_XDATA0_START=_IXDATA0_START                    #
#                            -D_XDATA0_END=_IXDATA0_END                        #
#                            -D_NEAR_CODE_START=0x0000                         #
#                            -D_FIRST_BANK_ADDR=0x10000 -D?REGISTER_BANK=0x0   #
#                            -D_REGISTER_BANK_START=0x0 -D_BREG_START=0x00     #
#                            -D?VB=0x20 -D?ESP=0x9B -Z(BIT)BREG=_BREG_START    #
#                            -Z(BIT)BIT_N=0-7F                                 #
#                            -Z(DATA)REGISTERS+8=_REGISTER_BANK_START          #
#                            -Z(DATA)BDATA_Z,BDATA_N,BDATA_I=20-2F             #
#                            -Z(DATA)VREG+_NR_OF_VIRTUAL_REGISTERS=08-7F       #
#                            -Z(DATA)PSP,XSP=08-7F -Z(DATA)DOVERLAY=08-7F      #
#                            -Z(DATA)DATA_I,DATA_Z,DATA_N=08-7F                #
#                            -U(IDATA)0-7F=(DATA)0-7F                          #
#                            -Z(IDATA)IDATA_I,IDATA_Z,IDATA_N=08-_IDATA0_END   #
#                            -Z(IDATA)ISTACK+_IDATA_STACK_SIZE#08-_IDATA0_END  #
#                            -Z(IDATA)IOVERLAY=08-FF -Z(CODE)INTVEC=0          #
#                            -Z(CODE)CSTART=_NEAR_CODE_START-(_CODEBANK_START- #
#                            1)                                                #
#                            -Z(CODE)BIT_ID,BDATA_ID,DATA_ID,IDATA_ID,IXDATA_I #
#                            D,PDATA_ID,XDATA_ID=_NEAR_CODE_START-(_CODEBANK_S #
#                            TART-1)                                           #
#                            -Z(CODE)BANK_RELAYS,RCODE,DIFUNCT,CODE_C,CODE_N,N #
#                            EAR_CODE=_NEAR_CODE_START-(_CODEBANK_START-1)     #
#                            -P(CODE)BANKED_CODE=_NEAR_CODE_START-(_CODEBANK_S #
#                            TART-1),[(_CODEBANK_START+_FIRST_BANK_ADDR)-(_COD #
#                            EBANK_END+_FIRST_BANK_ADDR)]*_NR_OF_BANKS+10000   #
#                            -Z(CODE)CHECKSUM#(_CODEBANK_START-1)              #
#                            -Z(XDATA)PDATA_Z,PDATA_I=_PDATA0_START-_PDATA0_EN #
#                            D                                                 #
#                            -P(XDATA)PDATA_N=_PDATA0_START-_PDATA0_END        #
#                            -Z(XDATA)PSTACK+_PDATA_STACK_SIZE=_PDATA0_START-_ #
#                            PDATA0_END                                        #
#                            -Z(XDATA)EXT_STACK+_EXTENDED_STACK_SIZE=_EXTENDED #
#                            _STACK_START                                      #
#                            -Z(XDATA)XSTACK+_XDATA_STACK_SIZE=_XDATA0_START-_ #
#                            XDATA0_END                                        #
#                            -Z(XDATA)IXDATA_Z,IXDATA_I=_IXDATA0_START-_IXDATA #
#                            0_END                                             #
#                            -P(XDATA)IXDATA_N=_IXDATA0_START-_IXDATA0_END     #
#                            -Z(XDATA)XDATA_Z,XDATA_I=_XDATA0_START-_XDATA0_EN #
#                            D                                                 #
#                            -P(XDATA)XDATA_N=_XDATA0_START-_XDATA0_END        #
#                            -Z(XDATA)XDATA_HEAP+_XDATA_HEAP_SIZE=_XDATA0_STAR #
#                            T-_XDATA0_END                                     #
#                            -Z(CONST)XDATA_ROM_C=_XDATA0_START-_XDATA0_END    #
#                            -cx51                                             #
#                            -M(CODE)[(_CODEBANK_START+_FIRST_BANK_ADDR)-(_COD #
#                            EBANK_END+_FIRST_BANK_ADDR)]*_NR_OF_BANKS+0x10000 #
#                            =0x8000                                           #
#                            -ww69=i -D_BANK0_START=0x00000                    #
#                            -D_BANK0_END=0x07FFF -D_BANK1_START=0x18000       #
#                            -D_BANK1_END=0x1FFFF -D_BANK2_START=0x28000       #
#                            -D_BANK2_END=0x2FFFF -D_BANK3_START=0x38000       #
#                            -D_BANK3_END=0x3FFFF -D_BANK4_START=0x48000       #
#                            -D_BANK4_END=0x4FFFF -D_BANK5_START=0x58000       #
#                            -D_BANK5_END=0x5FFFF -D_BANK6_START=0x68000       #
#                            -D_BANK6_END=0x6FFFF -D_BANK7_START=0x78000       #
#                            -D_BANK7_END=0x7FFFF                              #
#                            -P(CODE)BANK0=_BANK0_START-_BANK0_END             #
#                            -P(CODE)BANK1=_BANK1_START-_BANK1_END             #
#                            -P(CODE)BANK2=_BANK2_START-_BANK2_END             #
#                            -P(CODE)BANK3=_BANK3_START-_BANK3_END             #
#                            -P(CODE)BANK4=_BANK4_START-_BANK4_END             #
#                            -P(CODE)BANK5=_BANK5_START-_BANK5_END             #
#                            -P(CODE)BANK6=_BANK6_START-_BANK6_END             #
#                            -P(CODE)BANK7=_BANK7_START-_BANK7_END             #
#                            -D_FLASH_LOCK_BITS_START=0x7FFF0                  #
#                            -D_FLASH_LOCK_BITS_END=0x7FFFF                    #
#                            -Z(CODE)FLASH_LOCK_BITS=_FLASH_LOCK_BITS_START-_F #
#                            LASH_LOCK_BITS_END                                #
#                            -U(CODE)0x0000=(CODE)_FLASH_LOCK_BITS_START-_FLAS #
#                            H_LOCK_BITS_END)                                  #
#                            -e?BCALL_FF=?BCALL -e?BRET_FF=?BRET               #
#                            -e?BDISPATCH_FF=?BDISPATCH                        #
#                            -D_NR_OF_VIRTUAL_REGISTERS=8 -D?PBANK=0x93        #
#                            -e_medium_write=_formatted_write                  #
#                            -e_medium_read=_formatted_read -rt                #
#                            -Ointel-extended=Y:\GitHub\CC2350PigRun\DS18B20te #
#                            mpeture\采样程序\ide\srf05_cc2530\iar\light_switc #
#                            h.hex                                             #
#                            -s __program_start                                #
#                            "C:\Program Files\IAR Systems\Embedded Workbench  #
#                            6.0 Evaluation\8051\LIB\CLIB\cl-pli-blpd-1e16x01. #
#                            r51"                                              #
#                            -D_IDATA_STACK_SIZE=0x40                          #
#                            -D_EXTENDED_STACK_START=0x00                      #
#                            -D_EXTENDED_STACK_SIZE=0x00                       #
#                            -D_PDATA_STACK_SIZE=0x80                          #
#                            -D_XDATA_STACK_SIZE=0x100                         #
#                            -D_XDATA_HEAP_SIZE=0xFF -D_FAR_HEAP_SIZE=0xFFF    #
#                            -D_HUGE_HEAP_SIZE=0xFFF                           #
#                            -D_FAR22_HEAP_SIZE=0xFFF                          #
#                                                                              #
#                           Copyright (C) 1987-2010 IAR Systems AB.            #
################################################################################





                ****************************************
                *                                      *
                *           CROSS REFERENCE            *
                *                                      *
                ****************************************

       Program entry at : CODE      000000E3  Relocatable, from module : CSTARTUP




                ****************************************
                *                                      *
                *            RUNTIME MODEL             *
                *                                      *
                ****************************************

  __SystemLibrary          = CLib
  __calling_convention     = pdata_reentrant
  __code_model             = banked
  __core                   = plain
  __data_model             = large
  __dptr_size              = 16
  __extended_stack         = disabled
  __location_for_constants = data
  __number_of_dptrs        = 1
  __rt_version             = 1



                ****************************************
                *                                      *
                *              MODULE MAP              *
                *                                      *
                ****************************************


  DEFINED ABSOLUTE ENTRIES
    *************************************************************************

  DEFINED ABSOLUTE ENTRIES
  PROGRAM MODULE, NAME : ?ABS_ENTRY_MOD

Absolute parts
           ENTRY                   ADDRESS         REF BY
           =====                   =======         ======
           _FAR22_HEAP_SIZE        00000FFF 
           _HUGE_HEAP_SIZE         00000FFF 
           _FAR_HEAP_SIZE          00000FFF 
           _XDATA_HEAP_SIZE        000000FF 
           _XDATA_STACK_SIZE       00000100 
           _PDATA_STACK_SIZE       00000080 
           _EXTENDED_STACK_SIZE    00000000 
           _EXTENDED_STACK_START   00000000 
           _IDATA_STACK_SIZE       00000040 
           ?PBANK                  00000093        ?RESET_PDATA_BANK (CSTARTUP)
           _NR_OF_VIRTUAL_REGISTERS
                                   00000008 
           _FLASH_LOCK_BITS_END    0003FFFF 
           _FLASH_LOCK_BITS_START
                                   0003FFF0 
           _BANK7_END              0003FFFF 
           _BANK7_START            00038000 
           _BANK6_END              00037FFF 
           _BANK6_START            00030000 
           _BANK5_END              0002FFFF 
           _BANK5_START            00028000 
           _BANK4_END              00027FFF 
           _BANK4_START            00020000 
           _BANK3_END              0001FFFF 
           _BANK3_START            00018000 
           _BANK2_END              00017FFF 
           _BANK2_START            00010000 
           _BANK1_END              0000FFFF 
           _BANK1_START            00008000 
           _BANK0_END              00007FFF 
           _BANK0_START            00000000 
           ?ESP                    0000009B 
           ?VB                     00000020        ?BANKED_ENTER_PDATA (?BANKED_ENTER_PDATA)
                                                   ?BANKED_LEAVE_PDATA (?BANKED_LEAVE_PDATA)
                                                   ?INTERRUPT_ENTER_PSP (?INTERRUPT_ENTER_PSP)
                                                   ?INTERRUPT_LEAVE_PSP (?INTERRUPT_LEAVE_PSP)
           _BREG_START             00000000 
           _REGISTER_BANK_START    00000000 
           ?REGISTER_BANK          00000000        Segment part 6 (CSTARTUP)
           _FIRST_BANK_ADDR        00010000 
           _NEAR_CODE_START        00000000 
           _XDATA0_END             00001EFF 
           _XDATA0_START           00000001 
           _IXDATA0_END            00001EFF 
           _IXDATA0_START          00000001 
           _PDATA0_END             00001EFF 
           _PDATA0_START           00001E00 
           _IDATA0_END             000000FF 
           _IDATA0_START           00000000 
           ?CBANK                  0000009F        ?RESET_CODE_BANK (CSTARTUP)
                                                   Segment part 0 (?BANKED_CODE_SUPPORT)
           ?CBANK_MASK             000000FF 
           _CODEBANK_START         00008000 
           _CODEBANK_END           0000FFFF 
           _NR_OF_BANKS            00000007 
    *************************************************************************

  FILE NAME : Y:\GitHub\CC2350PigRun\DS18B20tempeture\采样程序\ide\srf05_cc2530\iar\temp\light_switch\AD_sample.r51
    *************************************************************************

  FILE NAME : Y:\GitHub\CC2350PigRun\DS18B20tempeture\采样程序\ide\srf05_cc2530\iar\temp\light_switch\adc.r51
    *************************************************************************

  FILE NAME : Y:\GitHub\CC2350PigRun\DS18B20tempeture\采样程序\ide\srf05_cc2530\iar\temp\light_switch\basic_rf.r51
  PROGRAM MODULE, NAME : basic_rf

  SEGMENTS IN THE MODULE
  ======================
XDATA_I
  Relative segment, address: XDATA 00000138 - 0000014E (0x17 bytes), align: 0
  Segment part 34.            Intra module refs:   main
    -------------------------------------------------------------------------
XDATA_I
  Relative segment, address: XDATA 0000014F - 0000015D (0xf bytes), align: 0
  Segment part 36.            Intra module refs:   main
    -------------------------------------------------------------------------
XDATA_I
  Relative segment, address: XDATA 0000015E - 00000164 (0x7 bytes), align: 0
  Segment part 38.            Intra module refs:   main
    -------------------------------------------------------------------------
XDATA_I
  Relative segment, address: XDATA 00000165 - 00000170 (0xc bytes), align: 0
  Segment part 40.            Intra module refs:   basicRfInit
                                                   basicRfRxFrmDoneIsr
           LOCAL                   ADDRESS         
           =====                   =======         
           rxi                     00000165 
    -------------------------------------------------------------------------
XDATA_I
  Relative segment, address: XDATA 00000171 - 00000174 (0x4 bytes), align: 0
  Segment part 55.            Intra module refs:   LCD_disp_Float
                                                   basicRfInit
           ENTRY                   ADDRESS         REF BY
           =====                   =======         ======
           __Constant_0            00000171 
    -------------------------------------------------------------------------
XDATA_I
  Relative segment, address: XDATA 00000175 - 00000178 (0x4 bytes), align: 0
  Segment part 57.            Intra module refs:   LCD_disp_Float
           ENTRY                   ADDRESS         REF BY
           =====                   =======         ======
           __Constant_41200000     00000175 
    -------------------------------------------------------------------------
XDATA_I
  Relative segment, address: XDATA 00000179 - 0000017C (0x4 bytes), align: 0
  Segment part 59.            Intra module refs:   main
           ENTRY                   ADDRESS         REF BY
           =====                   =======         ======
           __Constant_3d800000     00000179 
    -------------------------------------------------------------------------
XDATA_Z
  Relative segment, address: XDATA 00000001 - 00000007 (0x7 bytes), align: 0
  Segment part 42.            Intra module refs:   basicRfInit
                                                   basicRfRxFrmDoneIsr
                                                   basicRfSendPacket
                                                   main
           LOCAL                   ADDRESS         
           =====                   =======         
           txState                 00000001 
    -------------------------------------------------------------------------
XDATA_Z
  Relative segment, address: XDATA 00000008 - 00000009 (0x2 bytes), align: 0
  Segment part 43.            Intra module refs:   ?Subroutine11
                                                   basicRfInit
                                                   basicRfSendPacket
           LOCAL                   ADDRESS         
           =====                   =======         
           pConfig                 00000008 
    -------------------------------------------------------------------------
XDATA_Z
  Relative segment, address: XDATA 0000000A - 0000007C (0x73 bytes), align: 0
  Segment part 44.            Intra module refs:   basicRfSendPacket
           LOCAL                   ADDRESS         
           =====                   =======         
           txMpdu                  0000000A 
    -------------------------------------------------------------------------
XDATA_Z
  Relative segment, address: XDATA 0000007D - 000000FC (0x80 bytes), align: 0
  Segment part 45.            Intra module refs:   ?Subroutine7
                                                   basicRfRxFrmDoneIsr
           LOCAL                   ADDRESS         
           =====                   =======         
           rxMpdu                  0000007D 
    -------------------------------------------------------------------------
<BANKED_CODE> 1 (was BANKED_CODE)
  Relative segment, address: CODE 00000CDF - 00000DB5 (0xd7 bytes), align: 0
  Segment part 61.            Intra module refs:   basicRfRxFrmDoneIsr::?relay
           LOCAL                   ADDRESS         
           =====                   =======         
           basicRfRxFrmDoneIsr     00000CDF 
               calls direct, is indirectly called
    -------------------------------------------------------------------------
<BANKED_CODE> 1 (was BANKED_CODE)
  Relative segment, address: CODE 00000DB6 - 00000DC3 (0xe bytes), align: 0
  Segment part 63.            Intra module refs:   basicRfRxFrmDoneIsr
           LOCAL                   ADDRESS         
           =====                   =======         
           ?Subroutine7            00000DB6 
    -------------------------------------------------------------------------
<BANKED_CODE> 1 (was BANKED_CODE)
  Relative segment, address: CODE 00000DC4 - 00000E42 (0x7f bytes), align: 0
  Segment part 64.            Intra module refs:   basicRfInit::?relay
           ENTRY                   ADDRESS         REF BY
           =====                   =======         ======
           basicRfInit             00000DC4 
               calls direct
               PSTACK = 00000000 ( 00000007 )
    -------------------------------------------------------------------------
<BANKED_CODE> 1 (was BANKED_CODE)
  Relative segment, address: CODE 00000E43 - 00000F38 (0xf6 bytes), align: 0
  Segment part 66.            Intra module refs:   basicRfSendPacket::?relay
           ENTRY                   ADDRESS         REF BY
           =====                   =======         ======
           basicRfSendPacket       00000E43 
               calls direct
               PSTACK = 00000000 ( 00000009 )
               ISTACK = 00000000 ( 00000001 )
    -------------------------------------------------------------------------
<BANKED_CODE> 1 (was BANKED_CODE)
  Relative segment, address: CODE 00000F39 - 00000F43 (0xb bytes), align: 0
  Segment part 68.            Intra module refs:   basicRfInit
                                                   basicRfSendPacket
           LOCAL                   ADDRESS         
           =====                   =======         
           ?Subroutine6            00000F39 
    -------------------------------------------------------------------------
<BANKED_CODE> 1 (was BANKED_CODE)
  Relative segment, address: CODE 00000F44 - 00000F50 (0xd bytes), align: 0
  Segment part 69.            Intra module refs:   basicRfInit
                                                   basicRfSendPacket
           LOCAL                   ADDRESS         
           =====                   =======         
           ?Subroutine5            00000F44 
    -------------------------------------------------------------------------
<BANKED_CODE> 1 (was BANKED_CODE)
  Relative segment, address: CODE 00000F51 - 00000F56 (0x6 bytes), align: 0
  Segment part 70.            Intra module refs:   basicRfSendPacket
           LOCAL                   ADDRESS         
           =====                   =======         
           ?Subroutine4            00000F51 
    -------------------------------------------------------------------------
<BANKED_CODE> 1 (was BANKED_CODE)
  Relative segment, address: CODE 00000F57 - 00000F66 (0x10 bytes), align: 0
  Segment part 71.            Intra module refs:   ?Subroutine4
                                                   basicRfInit
           LOCAL                   ADDRESS         
           =====                   =======         
           ?Subroutine11           00000F57 
    -------------------------------------------------------------------------
SFR_AN
  Relative segment, address: DATA 00000080 - 00000080 (0x1 bytes), align: 0
  Segment part 1. ROOT.       Intra module refs:   init_1820
                                                   read_1820
                                                   write_1820
           ENTRY                   ADDRESS         REF BY
           =====                   =======         ======
           _A_P0                   00000080 
           LOCAL                   ADDRESS         
           =====                   =======         
           P0                      00000080 
    -------------------------------------------------------------------------
SFR_AN
  Relative segment, address: DATA 00000088 - 00000088 (0x1 bytes), align: 0
  Segment part 2. ROOT.       Intra module refs:   powermodes_ST_IRQ
           ENTRY                   ADDRESS         REF BY
           =====                   =======         ======
           _A_TCON                 00000088 
           LOCAL                   ADDRESS         
           =====                   =======         
           TCON                    00000088 
    -------------------------------------------------------------------------
SFR_AN
  Relative segment, address: DATA 00000089 - 00000089 (0x1 bytes), align: 0
  Segment part 3. ROOT.       Intra module refs:   port0_ISR
           ENTRY                   ADDRESS         REF BY
           =====                   =======         ======
           P0IFG                   00000089 
    -------------------------------------------------------------------------
SFR_AN
  Relative segment, address: DATA 0000008A - 0000008A (0x1 bytes), align: 0
  Segment part 4. ROOT.       Intra module refs:   port1_ISR
           ENTRY                   ADDRESS         REF BY
           =====                   =======         ======
           P1IFG                   0000008A 
    -------------------------------------------------------------------------
SFR_AN
  Relative segment, address: DATA 0000008B - 0000008B (0x1 bytes), align: 0
  Segment part 5. ROOT.       Intra module refs:   port2_ISR
           ENTRY                   ADDRESS         REF BY
           =====                   =======         ======
           P2IFG                   0000008B 
    -------------------------------------------------------------------------
SFR_AN
  Relative segment, address: DATA 00000090 - 00000090 (0x1 bytes), align: 0
  Segment part 6. ROOT.       Intra module refs:   LCD_disp_Float
                                                   LCD_write_char
                                                   LCD_write_english_string
                                                   initial_lcd
                                                   main
                                                   transfer_command_lcd
                                                   transfer_data_lcd
           ENTRY                   ADDRESS         REF BY
           =====                   =======         ======
           _A_P1                   00000090 
           LOCAL                   ADDRESS         
           =====                   =======         
           P1                      00000090 
    -------------------------------------------------------------------------
SFR_AN
  Relative segment, address: DATA 00000091 - 00000091 (0x1 bytes), align: 0
  Segment part 7. ROOT.       Intra module refs:   basicRfSendPacket
                                                   halRfWriteTxBuf
           ENTRY                   ADDRESS         REF BY
           =====                   =======         ======
           RFIRQF1                 00000091 
    -------------------------------------------------------------------------
SFR_AN
  Relative segment, address: DATA 00000098 - 00000098 (0x1 bytes), align: 0
  Segment part 8. ROOT.       Intra module refs:   powermodes_ST_IRQ
           ENTRY                   ADDRESS         REF BY
           =====                   =======         ======
           _A_S0CON                00000098 
           LOCAL                   ADDRESS         
           =====                   =======         
           S0CON                   00000098 
    -------------------------------------------------------------------------
SFR_AN
  Relative segment, address: DATA 0000009A - 0000009A (0x1 bytes), align: 0
  Segment part 9. ROOT.       Intra module refs:   halRfDisableRxInterrupt
                                                   halRfEnableRxInterrupt
           ENTRY                   ADDRESS         REF BY
           =====                   =======         ======
           IEN2                    0000009A 
    -------------------------------------------------------------------------
SFR_AN
  Relative segment, address: DATA 0000009B - 0000009B (0x1 bytes), align: 0
  Segment part 10. ROOT.      Intra module refs:   powermodes_ST_IRQ
                                                   rfIsr
           ENTRY                   ADDRESS         REF BY
           =====                   =======         ======
           S1CON                   0000009B 
    -------------------------------------------------------------------------
SFR_AN
  Relative segment, address: DATA 0000009D - 0000009D (0x1 bytes), align: 0
  Segment part 11. ROOT.      Intra module refs:   clockSetMainSrc
           ENTRY                   ADDRESS         REF BY
           =====                   =======         ======
           SLEEPSTA                0000009D 
    -------------------------------------------------------------------------
SFR_AN
  Relative segment, address: DATA 0000009E - 0000009E (0x1 bytes), align: 0
  Segment part 12. ROOT.      Intra module refs:   clockSelect32k
                                                   clockSetMainSrc
           ENTRY                   ADDRESS         REF BY
           =====                   =======         ======
           CLKCONSTA               0000009E 
    -------------------------------------------------------------------------
SFR_AN
  Relative segment, address: DATA 000000A8 - 000000A8 (0x1 bytes), align: 0
  Segment part 13. ROOT.      Intra module refs:   basicRfInit
                                                   basicRfRxFrmDoneIsr
                                                   main
                                                   rfIsr
           ENTRY                   ADDRESS         REF BY
           =====                   =======         ======
           _A_IEN0                 000000A8 
           LOCAL                   ADDRESS         
           =====                   =======         
           IEN0                    000000A8 
    -------------------------------------------------------------------------
SFR_AN
  Relative segment, address: DATA 000000BE - 000000BE (0x1 bytes), align: 0
  Segment part 14. ROOT.      Intra module refs:   clockSetMainSrc
           ENTRY                   ADDRESS         REF BY
           =====                   =======         ======
           SLEEPCMD                000000BE 
    -------------------------------------------------------------------------
SFR_AN
  Relative segment, address: DATA 000000C0 - 000000C0 (0x1 bytes), align: 0
  Segment part 15. ROOT.      Intra module refs:   port0_ISR
                                                   powermodes_ST_IRQ
           ENTRY                   ADDRESS         REF BY
           =====                   =======         ======
           _A_IRCON                000000C0 
           LOCAL                   ADDRESS         
           =====                   =======         
           IRCON                   000000C0 
    -------------------------------------------------------------------------
SFR_AN
  Relative segment, address: DATA 000000C6 - 000000C6 (0x1 bytes), align: 0
  Segment part 16. ROOT.      Intra module refs:   clockSelect32k
                                                   clockSetMainSrc
           ENTRY                   ADDRESS         REF BY
           =====                   =======         ======
           CLKCONCMD               000000C6 
    -------------------------------------------------------------------------
SFR_AN
  Relative segment, address: DATA 000000D9 - 000000D9 (0x1 bytes), align: 0
  Segment part 17. ROOT.      Intra module refs:   halRfReadRxBuf
                                                   halRfWriteTxBuf
           ENTRY                   ADDRESS         REF BY
           =====                   =======         ======
           RFD                     000000D9 
    -------------------------------------------------------------------------
SFR_AN
  Relative segment, address: DATA 000000E1 - 000000E1 (0x1 bytes), align: 0
  Segment part 18. ROOT.      Intra module refs:   basicRfSendPacket
                                                   halRfWriteTxBuf
                                                   main
           ENTRY                   ADDRESS         REF BY
           =====                   =======         ======
           RFST                    000000E1 
    -------------------------------------------------------------------------
SFR_AN
  Relative segment, address: DATA 000000E8 - 000000E8 (0x1 bytes), align: 0
  Segment part 19. ROOT.      Intra module refs:   port1_ISR
                                                   port2_ISR
                                                   powermodes_ST_IRQ
           ENTRY                   ADDRESS         REF BY
           =====                   =======         ======
           _A_IRCON2               000000E8 
           LOCAL                   ADDRESS         
           =====                   =======         
           IRCON2                  000000E8 
    -------------------------------------------------------------------------
SFR_AN
  Relative segment, address: DATA 000000E9 - 000000E9 (0x1 bytes), align: 0
  Segment part 20. ROOT.      Intra module refs:   rfIsr
           ENTRY                   ADDRESS         REF BY
           =====                   =======         ======
           RFIRQF0                 000000E9 
    -------------------------------------------------------------------------
SFR_AN
  Relative segment, address: DATA 000000F3 - 000000F3 (0x1 bytes), align: 0
  Segment part 21. ROOT.      Intra module refs:   main
           ENTRY                   ADDRESS         REF BY
           =====                   =======         ======
           P0SEL                   000000F3 
    -------------------------------------------------------------------------
SFR_AN
  Relative segment, address: DATA 000000FD - 000000FD (0x1 bytes), align: 0
  Segment part 22. ROOT.      Intra module refs:   init_1820
                                                   main
                                                   read_1820
                                                   write_1820
           ENTRY                   ADDRESS         REF BY
           =====                   =======         ======
           P0DIR                   000000FD 
    -------------------------------------------------------------------------
SFR_AN
  Relative segment, address: DATA 000000FE - 000000FE (0x1 bytes), align: 0
  Segment part 23. ROOT.      Intra module refs:   initial_lcd
                                                   main
           ENTRY                   ADDRESS         REF BY
           =====                   =======         ======
           P1DIR                   000000FE 
    -------------------------------------------------------------------------
<BANKED_CODE> 1 (was BANKED_CODE)
  Relative segment, address: CODE 00000F67 - 00000F9A (0x34 bytes), align: 0
  Segment part 72.            Intra module refs:   clockSetMainSrc::?relay
           ENTRY                   ADDRESS         REF BY
           =====                   =======         ======
           clockSetMainSrc         00000F67 
    -------------------------------------------------------------------------
<BANKED_CODE> 1 (was BANKED_CODE)
  Relative segment, address: CODE 00000F9B - 00000FC3 (0x29 bytes), align: 0
  Segment part 74.            Intra module refs:   clockSelect32k::?relay
           ENTRY                   ADDRESS         REF BY
           =====                   =======         ======
           clockSelect32k          00000F9B 
    -------------------------------------------------------------------------
<BANKED_CODE> 1 (was BANKED_CODE)
  Relative segment, address: CODE 00000FC4 - 00000FF0 (0x2d bytes), align: 0
  Segment part 76.            Intra module refs:   halMcuWaitUs::?relay
           ENTRY                   ADDRESS         REF BY
           =====                   =======         ======
           halMcuWaitUs            00000FC4 
               PSTACK = 00000009 ( 00000000 )
    -------------------------------------------------------------------------
<BANKED_CODE> 1 (was BANKED_CODE)
  Relative segment, address: CODE 00000FF1 - 00001017 (0x27 bytes), align: 0
  Segment part 78.            Intra module refs:   halMcuWaitMs::?relay
           ENTRY                   ADDRESS         REF BY
           =====                   =======         ======
           halMcuWaitMs            00000FF1 
               calls direct
               PSTACK = 00000000 ( 00000007 )
    -------------------------------------------------------------------------
XDATA_Z
  Relative segment, address: XDATA 000000FD - 000000FE (0x2 bytes), align: 0
  Segment part 46.            Intra module refs:   basicRfInit
                                                   rfIsr
           LOCAL                   ADDRESS         
           =====                   =======         
           pfISR                   000000FD 
    -------------------------------------------------------------------------
<BANKED_CODE> 1 (was BANKED_CODE)
  Relative segment, address: CODE 00001018 - 00001037 (0x20 bytes), align: 0
  Segment part 80.            Intra module refs:   halRfInit::?relay
           ENTRY                   ADDRESS         REF BY
           =====                   =======         ======
           halRfInit               00001018 
               calls direct
               PSTACK = 00000007 ( 00000000 )
    -------------------------------------------------------------------------
<BANKED_CODE> 1 (was BANKED_CODE)
  Relative segment, address: CODE 00001038 - 0000105D (0x26 bytes), align: 0
  Segment part 82.            Intra module refs:   halRfWriteTxBuf::?relay
           ENTRY                   ADDRESS         REF BY
           =====                   =======         ======
           halRfWriteTxBuf         00001038 
               PSTACK = 00000009 ( 00000000 )
               ISTACK = 00000000 ( 00000002 )
    -------------------------------------------------------------------------
<BANKED_CODE> 1 (was BANKED_CODE)
  Relative segment, address: CODE 0000105E - 00001072 (0x15 bytes), align: 0
  Segment part 84.            Intra module refs:   halRfReadRxBuf::?relay
           ENTRY                   ADDRESS         REF BY
           =====                   =======         ======
           halRfReadRxBuf          0000105E 
               ISTACK = 00000000 ( 00000001 )
    -------------------------------------------------------------------------
<BANKED_CODE> 1 (was BANKED_CODE)
  Relative segment, address: CODE 00001073 - 0000107F (0xd bytes), align: 0
  Segment part 86.            Intra module refs:   halRfDisableRxInterrupt::?relay
           ENTRY                   ADDRESS         REF BY
           =====                   =======         ======
           halRfDisableRxInterrupt
                                   00001073 
               PSTACK = 00000009 ( 00000000 )
    -------------------------------------------------------------------------
<BANKED_CODE> 1 (was BANKED_CODE)
  Relative segment, address: CODE 00001080 - 0000108C (0xd bytes), align: 0
  Segment part 88.            Intra module refs:   halRfEnableRxInterrupt::?relay
           ENTRY                   ADDRESS         REF BY
           =====                   =======         ======
           halRfEnableRxInterrupt
                                   00001080 
               PSTACK = 00000009 ( 00000000 )
    -------------------------------------------------------------------------
NEAR_CODE
  Relative segment, address: CODE 00000B87 - 00000BBE (0x38 bytes), align: 0
  Segment part 124.           Intra module refs:   rfIsr::??INTVEC 131
           ENTRY                   ADDRESS         REF BY
           =====                   =======         ======
           rfIsr                   00000B87 
               interrupt function
               PSTACK = 00000000 ( 0000000E )
    -------------------------------------------------------------------------
CODE_C
  Relative segment, address: CODE 0000095F - 00000B86 (0x228 bytes), align: 0
  Segment part 47.            Intra module refs:   LCD_write_char
           ENTRY                   ADDRESS         REF BY
           =====                   =======         ======
           font6x8                 0000095F 
    -------------------------------------------------------------------------
<BANKED_CODE> 1 (was BANKED_CODE)
  Relative segment, address: CODE 0000108D - 000010A9 (0x1d bytes), align: 0
  Segment part 90.            Intra module refs:   delay::?relay
           ENTRY                   ADDRESS         REF BY
           =====                   =======         ======
           delay                   0000108D 
    -------------------------------------------------------------------------
<BANKED_CODE> 1 (was BANKED_CODE)
  Relative segment, address: CODE 000010AA - 000010B6 (0xd bytes), align: 0
  Segment part 92.            Intra module refs:   LCD_delay::?relay
           ENTRY                   ADDRESS         REF BY
           =====                   =======         ======
           LCD_delay               000010AA 
               PSTACK = 00000007 ( 00000000 )
    -------------------------------------------------------------------------
<BANKED_CODE> 1 (was BANKED_CODE)
  Relative segment, address: CODE 000010B7 - 000010E0 (0x2a bytes), align: 0
  Segment part 94.            Intra module refs:   transfer_command_lcd::?relay
           ENTRY                   ADDRESS         REF BY
           =====                   =======         ======
           transfer_command_lcd    000010B7 
               calls direct
               PSTACK = 00000007 ( 00000007 )
    -------------------------------------------------------------------------
<BANKED_CODE> 1 (was BANKED_CODE)
  Relative segment, address: CODE 000010E1 - 00001103 (0x23 bytes), align: 0
  Segment part 96.            Intra module refs:   transfer_data_lcd::?relay
           ENTRY                   ADDRESS         REF BY
           =====                   =======         ======
           transfer_data_lcd       000010E1 
               calls direct
               PSTACK = 00000008 ( 00000007 )
    -------------------------------------------------------------------------
<BANKED_CODE> 1 (was BANKED_CODE)
  Relative segment, address: CODE 00001104 - 00001108 (0x5 bytes), align: 0
  Segment part 98.            Intra module refs:   basicRfInit
                                                   lcd_address
                                                   transfer_command_lcd
                                                   transfer_data_lcd
           LOCAL                   ADDRESS         
           =====                   =======         
           ?Subroutine0            00001104 
    -------------------------------------------------------------------------
<BANKED_CODE> 1 (was BANKED_CODE)
  Relative segment, address: CODE 00001109 - 0000111D (0x15 bytes), align: 0
  Segment part 99.            Intra module refs:   transfer_command_lcd
                                                   transfer_data_lcd
           LOCAL                   ADDRESS         
           =====                   =======         
           ?Subroutine9            00001109 
    -------------------------------------------------------------------------
<BANKED_CODE> 1 (was BANKED_CODE)
  Relative segment, address: CODE 0000111E - 00001183 (0x66 bytes), align: 0
  Segment part 100.           Intra module refs:   initial_lcd::?relay
           ENTRY                   ADDRESS         REF BY
           =====                   =======         ======
           initial_lcd             0000111E 
               calls direct
    -------------------------------------------------------------------------
<BANKED_CODE> 1 (was BANKED_CODE)
  Relative segment, address: CODE 00001184 - 00001190 (0xd bytes), align: 0
  Segment part 102.           Intra module refs:   initial_lcd
           LOCAL                   ADDRESS         
           =====                   =======         
           ?Subroutine8            00001184 
    -------------------------------------------------------------------------
<BANKED_CODE> 1 (was BANKED_CODE)
  Relative segment, address: CODE 00001191 - 000011BB (0x2b bytes), align: 0
  Segment part 103.           Intra module refs:   lcd_address::?relay
           ENTRY                   ADDRESS         REF BY
           =====                   =======         ======
           lcd_address             00001191 
               calls direct
               PSTACK = 00000016 ( 00000007 )
    -------------------------------------------------------------------------
<BANKED_CODE> 1 (was BANKED_CODE)
  Relative segment, address: CODE 000011BC - 000011F7 (0x3c bytes), align: 0
  Segment part 105.           Intra module refs:   LCD_write_char::?relay
           ENTRY                   ADDRESS         REF BY
           =====                   =======         ======
           LCD_write_char          000011BC 
               calls direct
               PSTACK = 00000016 ( 00000008 )
    -------------------------------------------------------------------------
<BANKED_CODE> 1 (was BANKED_CODE)
  Relative segment, address: CODE 000011F8 - 000011FC (0x5 bytes), align: 0
  Segment part 107.           Intra module refs:   LCD_write_char
                                                   write_1820
           LOCAL                   ADDRESS         
           =====                   =======         
           ?Subroutine1            000011F8 
    -------------------------------------------------------------------------
<BANKED_CODE> 1 (was BANKED_CODE)
  Relative segment, address: CODE 000011FD - 0000122E (0x32 bytes), align: 0
  Segment part 108.           Intra module refs:   LCD_write_english_string::?relay
           ENTRY                   ADDRESS         REF BY
           =====                   =======         ======
           LCD_write_english_string
                                   000011FD 
               calls direct
               PSTACK = 00000000 ( 0000000A )
    -------------------------------------------------------------------------
<BANKED_CODE> 1 (was BANKED_CODE)
  Relative segment, address: CODE 0000122F - 00001233 (0x5 bytes), align: 0
  Segment part 110.           Intra module refs:   LCD_write_english_string
                                                   read_1820
           LOCAL                   ADDRESS         
           =====                   =======         
           ?Subroutine2            0000122F 
    -------------------------------------------------------------------------
<BANKED_CODE> 1 (was BANKED_CODE)
  Relative segment, address: CODE 00001234 - 000013A1 (0x16e bytes), align: 0
  Segment part 111.           Intra module refs:   LCD_disp_Float::?relay
           ENTRY                   ADDRESS         REF BY
           =====                   =======         ======
           LCD_disp_Float          00001234 
               calls direct
               PSTACK = 00000004 ( 00000016 )
               ISTACK = 00000000 ( 00000001 )
    -------------------------------------------------------------------------
XDATA_Z
  Relative segment, address: XDATA 000000FF - 0000010E (0x10 bytes), align: 0
  Segment part 48.            Intra module refs:   port0_ISR
           LOCAL                   ADDRESS         
           =====                   =======         
           port0_isr_tbl           000000FF 
    -------------------------------------------------------------------------
XDATA_Z
  Relative segment, address: XDATA 0000010F - 0000011E (0x10 bytes), align: 0
  Segment part 49.            Intra module refs:   port1_ISR
           LOCAL                   ADDRESS         
           =====                   =======         
           port1_isr_tbl           0000010F 
    -------------------------------------------------------------------------
XDATA_Z
  Relative segment, address: XDATA 0000011F - 00000128 (0xa bytes), align: 0
  Segment part 50.            Intra module refs:   port2_ISR
           LOCAL                   ADDRESS         
           =====                   =======         
           port2_isr_tbl           0000011F 
    -------------------------------------------------------------------------
NEAR_CODE
  Relative segment, address: CODE 00000BBF - 00000C12 (0x54 bytes), align: 0
  Segment part 125.           Intra module refs:   port0_ISR::??INTVEC 107
           ENTRY                   ADDRESS         REF BY
           =====                   =======         ======
           port0_ISR               00000BBF 
               interrupt function
               PSTACK = 00000000 ( 0000000F )
    -------------------------------------------------------------------------
NEAR_CODE
  Relative segment, address: CODE 00000C13 - 00000C17 (0x5 bytes), align: 0
  Segment part 126.           Intra module refs:   port0_ISR
                                                   port1_ISR
                                                   port2_ISR
           LOCAL                   ADDRESS         
           =====                   =======         
           ?Subroutine3            00000C13 
    -------------------------------------------------------------------------
NEAR_CODE
  Relative segment, address: CODE 00000C18 - 00000C6D (0x56 bytes), align: 0
  Segment part 127.           Intra module refs:   port1_ISR::??INTVEC 123
           ENTRY                   ADDRESS         REF BY
           =====                   =======         ======
           port1_ISR               00000C18 
               interrupt function
               PSTACK = 00000000 ( 0000000F )
    -------------------------------------------------------------------------
NEAR_CODE
  Relative segment, address: CODE 00000C6E - 00000C78 (0xb bytes), align: 0
  Segment part 128.           Intra module refs:   port0_ISR
                                                   port1_ISR
                                                   port2_ISR
           LOCAL                   ADDRESS         
           =====                   =======         
           ?Subroutine13           00000C6E 
    -------------------------------------------------------------------------
NEAR_CODE
  Relative segment, address: CODE 00000C79 - 00000C84 (0xc bytes), align: 0
  Segment part 129.           Intra module refs:   port0_ISR
                                                   port1_ISR
                                                   port2_ISR
           LOCAL                   ADDRESS         
           =====                   =======         
           ?Subroutine12           00000C79 
    -------------------------------------------------------------------------
NEAR_CODE
  Relative segment, address: CODE 00000C85 - 00000CDB (0x57 bytes), align: 0
  Segment part 130.           Intra module refs:   port2_ISR::??INTVEC 51
           ENTRY                   ADDRESS         REF BY
           =====                   =======         ======
           port2_ISR               00000C85 
               interrupt function
               PSTACK = 00000000 ( 0000000F )
    -------------------------------------------------------------------------
XDATA_Z
  Relative segment, address: XDATA 00000129 - 0000012B (0x3 bytes), align: 0
  Segment part 51.            Intra module refs:   main
           LOCAL                   ADDRESS         
           =====                   =======         
           pTxData                 00000129 
    -------------------------------------------------------------------------
XDATA_Z
  Relative segment, address: XDATA 0000012C - 00000131 (0x6 bytes), align: 0
  Segment part 52.            Intra module refs:   main
           LOCAL                   ADDRESS         
           =====                   =======         
           basicRfConfig           0000012C 
    -------------------------------------------------------------------------
XDATA_Z
  Relative segment, address: XDATA 00000132 - 00000135 (0x4 bytes), align: 0
  Segment part 53.            Intra module refs:   main
           ENTRY                   ADDRESS         REF BY
           =====                   =======         ======
           temperature             00000132 
    -------------------------------------------------------------------------
XDATA_Z
  Relative segment, address: XDATA 00000136 - 00000137 (0x2 bytes), align: 0
  Segment part 54.            Intra module refs:   main
           ENTRY                   ADDRESS         REF BY
           =====                   =======         ======
           M_wendu                 00000136 
    -------------------------------------------------------------------------
<BANKED_CODE> 1 (was BANKED_CODE)
  Relative segment, address: CODE 000013A2 - 00001526 (0x185 bytes), align: 0
  Segment part 113.
           ENTRY                   ADDRESS         REF BY
           =====                   =======         ======
           main                    000013A2        ?call_main (?cmain)
               calls direct
               PSTACK = 00000000 ( 00000004 )
    -------------------------------------------------------------------------
<BANKED_CODE> 1 (was BANKED_CODE)
  Relative segment, address: CODE 00001527 - 0000152F (0x9 bytes), align: 0
  Segment part 115.           Intra module refs:   main
           LOCAL                   ADDRESS         
           =====                   =======         
           ?Subroutine10           00001527 
    -------------------------------------------------------------------------
NEAR_CODE
  Relative segment, address: CODE 00000CDC - 00000CDE (0x3 bytes), align: 0
  Segment part 131.           Intra module refs:   powermodes_ST_IRQ::??INTVEC 43
           ENTRY                   ADDRESS         REF BY
           =====                   =======         ======
           powermodes_ST_IRQ       00000CDC 
               interrupt function
               ISTACK = 00000000 ( 00000001 )
    -------------------------------------------------------------------------
<BANKED_CODE> 1 (was BANKED_CODE)
  Relative segment, address: CODE 00001530 - 00001547 (0x18 bytes), align: 0
  Segment part 116.           Intra module refs:   Delay_nus::?relay
           ENTRY                   ADDRESS         REF BY
           =====                   =======         ======
           Delay_nus               00001530 
               PSTACK = 0000000A ( 00000000 )
    -------------------------------------------------------------------------
<BANKED_CODE> 1 (was BANKED_CODE)
  Relative segment, address: CODE 00001548 - 00001574 (0x2d bytes), align: 0
  Segment part 118.           Intra module refs:   init_1820::?relay
           ENTRY                   ADDRESS         REF BY
           =====                   =======         ======
           init_1820               00001548 
               calls direct
    -------------------------------------------------------------------------
<BANKED_CODE> 1 (was BANKED_CODE)
  Relative segment, address: CODE 00001575 - 000015AE (0x3a bytes), align: 0
  Segment part 120.           Intra module refs:   write_1820::?relay
           ENTRY                   ADDRESS         REF BY
           =====                   =======         ======
           write_1820              00001575 
               calls direct
               PSTACK = 00000000 ( 00000008 )
    -------------------------------------------------------------------------
<BANKED_CODE> 1 (was BANKED_CODE)
  Relative segment, address: CODE 000015AF - 000015F1 (0x43 bytes), align: 0
  Segment part 122.           Intra module refs:   read_1820::?relay
           ENTRY                   ADDRESS         REF BY
           =====                   =======         ======
           read_1820               000015AF 
               calls direct
               PSTACK = 00000000 ( 0000000A )
    -------------------------------------------------------------------------
INTVEC
  Common segment, address: CODE 00000000 - 0000002D (0x2e bytes), align: 0
  Segment part 24. ROOT.
           ENTRY                   ADDRESS         REF BY
           =====                   =======         ======
           powermodes_ST_IRQ::??INTVEC 43
                                   0000002B 
    -------------------------------------------------------------------------
INTVEC
  Common segment, address: CODE 00000000 - 00000035 (0x36 bytes), align: 0
  Segment part 25. ROOT.
           ENTRY                   ADDRESS         REF BY
           =====                   =======         ======
           port2_ISR::??INTVEC 51
                                   00000033 
    -------------------------------------------------------------------------
INTVEC
  Common segment, address: CODE 00000000 - 0000006D (0x6e bytes), align: 0
  Segment part 26. ROOT.
           ENTRY                   ADDRESS         REF BY
           =====                   =======         ======
           port0_ISR::??INTVEC 107
                                   0000006B 
    -------------------------------------------------------------------------
INTVEC
  Common segment, address: CODE 00000000 - 0000007D (0x7e bytes), align: 0
  Segment part 27. ROOT.
           ENTRY                   ADDRESS         REF BY
           =====                   =======         ======
           port1_ISR::??INTVEC 123
                                   0000007B 
    -------------------------------------------------------------------------
INTVEC
  Common segment, address: CODE 00000000 - 00000085 (0x86 bytes), align: 0
  Segment part 28. ROOT.
           ENTRY                   ADDRESS         REF BY
           =====                   =======         ======
           rfIsr::??INTVEC 131     00000083 
    -------------------------------------------------------------------------
XDATA_ID
  Relative segment, address: CODE 00000116 - 0000012C (0x17 bytes), align: 0
  Segment part 35.            Intra module refs:   Segment part 34
    -------------------------------------------------------------------------
XDATA_ID
  Relative segment, address: CODE 0000012D - 0000013B (0xf bytes), align: 0
  Segment part 37.            Intra module refs:   Segment part 36
    -------------------------------------------------------------------------
XDATA_ID
  Relative segment, address: CODE 0000013C - 00000142 (0x7 bytes), align: 0
  Segment part 39.            Intra module refs:   Segment part 38
    -------------------------------------------------------------------------
XDATA_ID
  Relative segment, address: CODE 00000143 - 0000014E (0xc bytes), align: 0
  Segment part 41.            Intra module refs:   rxi
    -------------------------------------------------------------------------
XDATA_ID
  Relative segment, address: CODE 0000014F - 00000152 (0x4 bytes), align: 0
  Segment part 56.            Intra module refs:   __Constant_0
    -------------------------------------------------------------------------
XDATA_ID
  Relative segment, address: CODE 00000153 - 00000156 (0x4 bytes), align: 0
  Segment part 58.            Intra module refs:   __Constant_41200000
    -------------------------------------------------------------------------
XDATA_ID
  Relative segment, address: CODE 00000157 - 0000015A (0x4 bytes), align: 0
  Segment part 60.            Intra module refs:   __Constant_3d800000
    -------------------------------------------------------------------------
BANK_RELAYS
  Relative segment, address: CODE 0000015B - 00000160 (0x6 bytes), align: 0
  Segment part 62.            Intra module refs:   basicRfInit
           LOCAL                   ADDRESS         
           =====                   =======         
           basicRfRxFrmDoneIsr::?relay
                                   0000015B 
    -------------------------------------------------------------------------
BANK_RELAYS
  Relative segment, address: CODE 00000161 - 00000166 (0x6 bytes), align: 0
  Segment part 65.            Intra module refs:   main
           ENTRY                   ADDRESS         REF BY
           =====                   =======         ======
           basicRfInit::?relay     00000161 
    -------------------------------------------------------------------------
BANK_RELAYS
  Relative segment, address: CODE 00000167 - 0000016C (0x6 bytes), align: 0
  Segment part 67.            Intra module refs:   main
           ENTRY                   ADDRESS         REF BY
           =====                   =======         ======
           basicRfSendPacket::?relay
                                   00000167 
    -------------------------------------------------------------------------
BANK_RELAYS
  Relative segment, address: CODE 0000016D - 00000172 (0x6 bytes), align: 0
  Segment part 73.            Intra module refs:   main
           ENTRY                   ADDRESS         REF BY
           =====                   =======         ======
           clockSetMainSrc::?relay
                                   0000016D 
    -------------------------------------------------------------------------
BANK_RELAYS
  Relative segment, address: CODE 00000173 - 00000178 (0x6 bytes), align: 0
  Segment part 75.            Intra module refs:   main
           ENTRY                   ADDRESS         REF BY
           =====                   =======         ======
           clockSelect32k::?relay
                                   00000173 
    -------------------------------------------------------------------------
BANK_RELAYS
  Relative segment, address: CODE 00000179 - 0000017E (0x6 bytes), align: 0
  Segment part 77.            Intra module refs:   basicRfSendPacket
                                                   halMcuWaitMs
           ENTRY                   ADDRESS         REF BY
           =====                   =======         ======
           halMcuWaitUs::?relay    00000179 
    -------------------------------------------------------------------------
BANK_RELAYS
  Relative segment, address: CODE 0000017F - 00000184 (0x6 bytes), align: 0
  Segment part 79.            Intra module refs:   main
           ENTRY                   ADDRESS         REF BY
           =====                   =======         ======
           halMcuWaitMs::?relay    0000017F 
    -------------------------------------------------------------------------
BANK_RELAYS
  Relative segment, address: CODE 00000185 - 0000018A (0x6 bytes), align: 0
  Segment part 81.            Intra module refs:   basicRfInit
                                                   main
           ENTRY                   ADDRESS         REF BY
           =====                   =======         ======
           halRfInit::?relay       00000185 
    -------------------------------------------------------------------------
BANK_RELAYS
  Relative segment, address: CODE 0000018B - 00000190 (0x6 bytes), align: 0
  Segment part 83.            Intra module refs:   basicRfSendPacket
           ENTRY                   ADDRESS         REF BY
           =====                   =======         ======
           halRfWriteTxBuf::?relay
                                   0000018B 
    -------------------------------------------------------------------------
BANK_RELAYS
  Relative segment, address: CODE 00000191 - 00000196 (0x6 bytes), align: 0
  Segment part 85.            Intra module refs:   ?Subroutine7
                                                   basicRfRxFrmDoneIsr
           ENTRY                   ADDRESS         REF BY
           =====                   =======         ======
           halRfReadRxBuf::?relay
                                   00000191 
    -------------------------------------------------------------------------
BANK_RELAYS
  Relative segment, address: CODE 00000197 - 0000019C (0x6 bytes), align: 0
  Segment part 87.            Intra module refs:   basicRfRxFrmDoneIsr
                                                   basicRfSendPacket
           ENTRY                   ADDRESS         REF BY
           =====                   =======         ======
           halRfDisableRxInterrupt::?relay
                                   00000197 
    -------------------------------------------------------------------------
BANK_RELAYS
  Relative segment, address: CODE 0000019D - 000001A2 (0x6 bytes), align: 0
  Segment part 89.            Intra module refs:   basicRfRxFrmDoneIsr
                                                   basicRfSendPacket
                                                   halRfInit
           ENTRY                   ADDRESS         REF BY
           =====                   =======         ======
           halRfEnableRxInterrupt::?relay
                                   0000019D 
    -------------------------------------------------------------------------
BANK_RELAYS
  Relative segment, address: CODE 000001A3 - 000001A8 (0x6 bytes), align: 0
  Segment part 91.            Intra module refs:   ?Subroutine8
                                                   initial_lcd
           ENTRY                   ADDRESS         REF BY
           =====                   =======         ======
           delay::?relay           000001A3 
    -------------------------------------------------------------------------
BANK_RELAYS
  Relative segment, address: CODE 000001A9 - 000001AE (0x6 bytes), align: 0
  Segment part 93.            Intra module refs:   ?Subroutine9
                                                   transfer_command_lcd
                                                   transfer_data_lcd
           ENTRY                   ADDRESS         REF BY
           =====                   =======         ======
           LCD_delay::?relay       000001A9 
    -------------------------------------------------------------------------
BANK_RELAYS
  Relative segment, address: CODE 000001AF - 000001B4 (0x6 bytes), align: 0
  Segment part 95.            Intra module refs:   ?Subroutine8
                                                   initial_lcd
                                                   lcd_address
                                                   main
           ENTRY                   ADDRESS         REF BY
           =====                   =======         ======
           transfer_command_lcd::?relay
                                   000001AF 
    -------------------------------------------------------------------------
BANK_RELAYS
  Relative segment, address: CODE 000001B5 - 000001BA (0x6 bytes), align: 0
  Segment part 97.            Intra module refs:   LCD_write_char
                                                   main
           ENTRY                   ADDRESS         REF BY
           =====                   =======         ======
           transfer_data_lcd::?relay
                                   000001B5 
    -------------------------------------------------------------------------
BANK_RELAYS
  Relative segment, address: CODE 000001BB - 000001C0 (0x6 bytes), align: 0
  Segment part 101.           Intra module refs:   main
           ENTRY                   ADDRESS         REF BY
           =====                   =======         ======
           initial_lcd::?relay     000001BB 
    -------------------------------------------------------------------------
BANK_RELAYS
  Relative segment, address: CODE 000001C1 - 000001C6 (0x6 bytes), align: 0
  Segment part 104.           Intra module refs:   LCD_disp_Float
                                                   LCD_write_english_string
           ENTRY                   ADDRESS         REF BY
           =====                   =======         ======
           lcd_address::?relay     000001C1 
    -------------------------------------------------------------------------
BANK_RELAYS
  Relative segment, address: CODE 000001C7 - 000001CC (0x6 bytes), align: 0
  Segment part 106.           Intra module refs:   LCD_disp_Float
                                                   LCD_write_english_string
           ENTRY                   ADDRESS         REF BY
           =====                   =======         ======
           LCD_write_char::?relay
                                   000001C7 
    -------------------------------------------------------------------------
BANK_RELAYS
  Relative segment, address: CODE 000001CD - 000001D2 (0x6 bytes), align: 0
  Segment part 109.           Intra module refs:   main
           ENTRY                   ADDRESS         REF BY
           =====                   =======         ======
           LCD_write_english_string::?relay
                                   000001CD 
    -------------------------------------------------------------------------
BANK_RELAYS
  Relative segment, address: CODE 000001D3 - 000001D8 (0x6 bytes), align: 0
  Segment part 112.           Intra module refs:   main
           ENTRY                   ADDRESS         REF BY
           =====                   =======         ======
           LCD_disp_Float::?relay
                                   000001D3 
    -------------------------------------------------------------------------
BANK_RELAYS
  Relative segment, address: CODE 000001D9 - 000001DE (0x6 bytes), align: 0
  Segment part 117.           Intra module refs:   init_1820
                                                   main
                                                   read_1820
                                                   write_1820
           ENTRY                   ADDRESS         REF BY
           =====                   =======         ======
           Delay_nus::?relay       000001D9 
    -------------------------------------------------------------------------
BANK_RELAYS
  Relative segment, address: CODE 000001DF - 000001E4 (0x6 bytes), align: 0
  Segment part 119.           Intra module refs:   ?Subroutine10
           ENTRY                   ADDRESS         REF BY
           =====                   =======         ======
           init_1820::?relay       000001DF 
    -------------------------------------------------------------------------
BANK_RELAYS
  Relative segment, address: CODE 000001E5 - 000001EA (0x6 bytes), align: 0
  Segment part 121.           Intra module refs:   ?Subroutine10
                                                   main
           ENTRY                   ADDRESS         REF BY
           =====                   =======         ======
           write_1820::?relay      000001E5 
    -------------------------------------------------------------------------
BANK_RELAYS
  Relative segment, address: CODE 000001EB - 000001F0 (0x6 bytes), align: 0
  Segment part 123.           Intra module refs:   main
           ENTRY                   ADDRESS         REF BY
           =====                   =======         ======
           read_1820::?relay       000001EB 

    *************************************************************************

  FILE NAME : Y:\GitHub\CC2350PigRun\DS18B20tempeture\采样程序\ide\srf05_cc2530\iar\temp\light_switch\basic_rf_security.r51
    *************************************************************************

  FILE NAME : Y:\GitHub\CC2350PigRun\DS18B20tempeture\采样程序\ide\srf05_cc2530\iar\temp\light_switch\clock.r51
    *************************************************************************

  FILE NAME : Y:\GitHub\CC2350PigRun\DS18B20tempeture\采样程序\ide\srf05_cc2530\iar\temp\light_switch\ds18b20.r51
    *************************************************************************

  FILE NAME : Y:\GitHub\CC2350PigRun\DS18B20tempeture\采样程序\ide\srf05_cc2530\iar\temp\light_switch\hal_assert.r51
    *************************************************************************

  FILE NAME : Y:\GitHub\CC2350PigRun\DS18B20tempeture\采样程序\ide\srf05_cc2530\iar\temp\light_switch\hal_board.r51
    *************************************************************************

  FILE NAME : Y:\GitHub\CC2350PigRun\DS18B20tempeture\采样程序\ide\srf05_cc2530\iar\temp\light_switch\hal_digio.r51
    *************************************************************************

  FILE NAME : Y:\GitHub\CC2350PigRun\DS18B20tempeture\采样程序\ide\srf05_cc2530\iar\temp\light_switch\hal_int.r51
    *************************************************************************

  FILE NAME : Y:\GitHub\CC2350PigRun\DS18B20tempeture\采样程序\ide\srf05_cc2530\iar\temp\light_switch\hal_lcd_srf05.r51
    *************************************************************************

  FILE NAME : Y:\GitHub\CC2350PigRun\DS18B20tempeture\采样程序\ide\srf05_cc2530\iar\temp\light_switch\hal_mcu.r51
    *************************************************************************

  FILE NAME : Y:\GitHub\CC2350PigRun\DS18B20tempeture\采样程序\ide\srf05_cc2530\iar\temp\light_switch\hal_rf.r51
    *************************************************************************

  FILE NAME : Y:\GitHub\CC2350PigRun\DS18B20tempeture\采样程序\ide\srf05_cc2530\iar\temp\light_switch\hal_rf_security.r51
    *************************************************************************

  FILE NAME : Y:\GitHub\CC2350PigRun\DS18B20tempeture\采样程序\ide\srf05_cc2530\iar\temp\light_switch\util.r51
    *************************************************************************

  FILE NAME : Y:\GitHub\CC2350PigRun\DS18B20tempeture\采样程序\ide\srf05_cc2530\iar\temp\light_switch\util_buffer.r51
    *************************************************************************

  FILE NAME : C:\Program Files\IAR Systems\Embedded Workbench 6.0 Evaluation\8051\LIB\CLIB\cl-pli-blpd-1e16x01.r51
  LIBRARY MODULE, NAME : ?cexit

  SEGMENTS IN THE MODULE
  ======================
CSTART
  Relative segment, address: CODE 00000086 - 0000008A (0x5 bytes), align: 0
  Segment part 0.
           ENTRY                   ADDRESS         REF BY
           =====                   =======         ======
           exit                    00000086        ?call_main (?cmain)
           ?C_EXIT                 00000086 
           ?ROM_MONITOR_NOPS       00000086 

    -------------------------------------------------------------------------
  LIBRARY MODULE, NAME : ?cmain

  SEGMENTS IN THE MODULE
  ======================
CSTART
  Relative segment, address: CODE 0000008B, align: 0
  Segment part 0.
           ENTRY                   ADDRESS         REF BY
           =====                   =======         ======
           ?cmain                  0000008B        Segment part 13 (CSTARTUP)
    -------------------------------------------------------------------------
CSTART
  Relative segment, address: CODE 0000008B - 00000093 (0x9 bytes), align: 0
  Segment part 1.
[...]
  SEGMENTS IN THE MODULE
  ======================
RCODE
  Relative segment, address: CODE 00000345 - 00000353 (0xf bytes), align: 0
  Segment part 1.
           ENTRY                   ADDRESS         REF BY
           =====                   =======         ======
           ?FLT_TEST_NAN_R1        00000345        ?FLT_ADD (?FLT_ADD)
                                                   ?FLT_EQ (?FLT_EQ)
                                                   ?FLT_LT (?FLT_LT)
                                                   ?FLT_MUL (?FLT_MUL)
                                                   ?FLT_SUB (?FLT_ADD)

    -------------------------------------------------------------------------
  LIBRARY MODULE, NAME : ?FLT_EQ

  SEGMENTS IN THE MODULE
  ======================
RCODE
  Relative segment, address: CODE 00000354 - 0000037F (0x2c bytes), align: 0
  Segment part 1.
           ENTRY                   ADDRESS         REF BY
           =====                   =======         ======
           ?FLT_EQ                 00000354        LCD_disp_Float (basic_rf)

    -------------------------------------------------------------------------
  LIBRARY MODULE, NAME : ?FLT_LT

  SEGMENTS IN THE MODULE
  ======================
RCODE
  Relative segment, address: CODE 00000380 - 000003CB (0x4c bytes), align: 0
  Segment part 1.
           ENTRY                   ADDRESS         REF BY
           =====                   =======         ======
           ?FLT_LT                 00000380        LCD_disp_Float (basic_rf)

    -------------------------------------------------------------------------
  LIBRARY MODULE, NAME : ?FLT_MUL

  SEGMENTS IN THE MODULE
  ======================
RCODE
  Relative segment, address: CODE 000003CC - 0000054B (0x180 bytes), align: 0
  Segment part 1.
           ENTRY                   ADDRESS         REF BY
           =====                   =======         ======
           ?FLT_MUL                000003CC        LCD_disp_Float (basic_rf)
                                                   main (basic_rf)

    -------------------------------------------------------------------------
  LIBRARY MODULE, NAME : ?FLT_ADD

  SEGMENTS IN THE MODULE
  ======================
RCODE
  Relative segment, address: CODE 0000054C - 00000570 (0x25 bytes), align: 0
  Segment part 1.
           ENTRY                   ADDRESS         REF BY
           =====                   =======         ======
           ?FLT_SUB                0000054C        LCD_disp_Float (basic_rf)
    -------------------------------------------------------------------------
RCODE
  Relative segment, address: CODE 00000571 - 00000787 (0x217 bytes), align: 0
  Segment part 3.             Intra module refs:   ?FLT_SUB
           ENTRY                   ADDRESS         REF BY
           =====                   =======         ======
           ?FLT_ADD                00000571 

    -------------------------------------------------------------------------
  LIBRARY MODULE, NAME : ?L_NEG

  SEGMENTS IN THE MODULE
  ======================
RCODE
  Relative segment, address: CODE 00000788 - 0000078A (0x3 bytes), align: 0
  Segment part 0.
           ENTRY                   ADDRESS         REF BY
           =====                   =======         ======
           ?L_NEG_REW              00000788        ?L_TO_FLT_REW (?L_TO_FLT)
    -------------------------------------------------------------------------
RCODE
  Relative segment, address: CODE 0000078B - 0000079B (0x11 bytes), align: 0
  Segment part 1.             Intra module refs:   ?L_NEG_REW
           ENTRY                   ADDRESS         REF BY
           =====                   =======         ======
           ?L_NEG                  0000078B 

    -------------------------------------------------------------------------
  LIBRARY MODULE, NAME : ?L_MOV_PX

  SEGMENTS IN THE MODULE
  ======================
RCODE
  Relative segment, address: CODE 0000079C - 000007AA (0xf bytes), align: 0
  Segment part 0.
           ENTRY                   ADDRESS         REF BY
           =====                   =======         ======
           ?L_MOV_PX               0000079C        LCD_disp_Float (basic_rf)

    -------------------------------------------------------------------------
  LIBRARY MODULE, NAME : ?L_MOV_X

  SEGMENTS IN THE MODULE
  ======================
RCODE
  Relative segment, address: CODE 000007AB - 000007B9 (0xf bytes), align: 0
  Segment part 0.
           ENTRY                   ADDRESS         REF BY
           =====                   =======         ======
           ?L_MOV_X                000007AB        LCD_disp_Float (basic_rf)
                                                   main (basic_rf)

    -------------------------------------------------------------------------
  LIBRARY MODULE, NAME : ?L_MOV_TO_X

  SEGMENTS IN THE MODULE
  ======================
RCODE
  Relative segment, address: CODE 000007BA - 000007C8 (0xf bytes), align: 0
  Segment part 2.
           ENTRY                   ADDRESS         REF BY
           =====                   =======         ======
           ?L_MOV_TO_X             000007BA        main (basic_rf)

    -------------------------------------------------------------------------
  LIBRARY MODULE, NAME : ?XLOAD_R2345

  SEGMENTS IN THE MODULE
  ======================
RCODE
  Relative segment, address: CODE 000007C9 - 000007D4 (0xc bytes), align: 0
  Segment part 0.
           ENTRY                   ADDRESS         REF BY
           =====                   =======         ======
           ?XLOAD_R2345            000007C9        basicRfInit (basic_rf)

    -------------------------------------------------------------------------
  LIBRARY MODULE, NAME : ?XSTORE_R2345

  SEGMENTS IN THE MODULE
  ======================
RCODE
  Relative segment, address: CODE 000007D5 - 000007E0 (0xc bytes), align: 0
  Segment part 0.
           ENTRY                   ADDRESS         REF BY
           =====                   =======         ======
           ?XSTORE_R2345           000007D5        basicRfInit (basic_rf)

    -------------------------------------------------------------------------
  LIBRARY MODULE, NAME : ?MOVE_LONG8_PDATA_XDATA

  SEGMENTS IN THE MODULE
  ======================
RCODE
  Relative segment, address: CODE 000007E1 - 000007ED (0xd bytes), align: 0
  Segment part 0.
           ENTRY                   ADDRESS         REF BY
           =====                   =======         ======
           ?MOVE_LONG8_PDATA_XDATA
                                   000007E1        ?PUSH_PSTACK_X (?PUSH_PSTACK_X)

    -------------------------------------------------------------------------
  LIBRARY MODULE, NAME : ?S_DIV_MOD

  SEGMENTS IN THE MODULE
  ======================
RCODE
  Relative segment, address: CODE 000007EE - 00000846 (0x59 bytes), align: 0
  Segment part 1.
           ENTRY                   ADDRESS         REF BY
           =====                   =======         ======
           ?US_DIV_MOD             000007EE        LCD_disp_Float (basic_rf)

    -------------------------------------------------------------------------
  LIBRARY MODULE, NAME : ?S_SHL

  SEGMENTS IN THE MODULE
  ======================
RCODE
  Relative segment, address: CODE 00000847 - 00000849 (0x3 bytes), align: 0
  Segment part 0.
           ENTRY                   ADDRESS         REF BY
           =====                   =======         ======
           ?S_SHL                  00000847        port0_ISR (basic_rf)
                                                   port1_ISR (basic_rf)
                                                   port2_ISR (basic_rf)
                                                   read_1820 (basic_rf)
                                                   write_1820 (basic_rf)
    -------------------------------------------------------------------------
RCODE
  Relative segment, address: CODE 0000084A - 0000084C (0x3 bytes), align: 0
  Segment part 1.             Intra module refs:   Segment part 2
           ENTRY                   ADDRESS         REF BY
           =====                   =======         ======
           ?S_SHL_REW              0000084A 
    -------------------------------------------------------------------------
RCODE
  Relative segment, address: CODE 0000084D - 00000859 (0xd bytes), align: 0
  Segment part 2.             Intra module refs:   ?S_SHL
                                                   ?S_SHL_REW

    -------------------------------------------------------------------------
  LIBRARY MODULE, NAME : ?CALL_IND

  SEGMENTS IN THE MODULE
  ======================
RCODE
  Relative segment, address: CODE 0000085A - 0000085B (0x2 bytes), align: 0
  Segment part 0.
           ENTRY                   ADDRESS         REF BY
           =====                   =======         ======
           ?CALL_IND               0000085A        port0_ISR (basic_rf)
                                                   port1_ISR (basic_rf)
                                                   port2_ISR (basic_rf)
                                                   rfIsr (basic_rf)

    -------------------------------------------------------------------------
  LIBRARY MODULE, NAME : ?BANKED_ENTER_PDATA

  SEGMENTS IN THE MODULE
  ======================
RCODE
  Relative segment, address: CODE 0000085C - 00000892 (0x37 bytes), align: 0
  Segment part 0.
           ENTRY                   ADDRESS         REF BY
           =====                   =======         ======
           ?BANKED_ENTER_PDATA     0000085C        LCD_disp_Float (basic_rf)
                                                   LCD_write_char (basic_rf)
                                                   LCD_write_english_string (basic_rf)
                                                   basicRfInit (basic_rf)
                                                   basicRfSendPacket (basic_rf)
                                                   halMcuWaitMs (basic_rf)
                                                   lcd_address (basic_rf)
                                                   read_1820 (basic_rf)
                                                   transfer_command_lcd (basic_rf)
                                                   transfer_data_lcd (basic_rf)
                                                   write_1820 (basic_rf)

    -------------------------------------------------------------------------
  LIBRARY MODULE, NAME : ?BANKED_LEAVE_PDATA

  SEGMENTS IN THE MODULE
  ======================
RCODE
  Relative segment, address: CODE 00000893 - 000008BD (0x2b bytes), align: 0
  Segment part 0.
           ENTRY                   ADDRESS         REF BY
           =====                   =======         ======
           ?BANKED_LEAVE_PDATA     00000893        ?Subroutine0 (basic_rf)
                                                   ?Subroutine1 (basic_rf)
                                                   ?Subroutine2 (basic_rf)
                                                   LCD_disp_Float (basic_rf)
                                                   basicRfSendPacket (basic_rf)
                                                   halMcuWaitMs (basic_rf)

    -------------------------------------------------------------------------
  LIBRARY MODULE, NAME : ?INTERRUPT_ENTER_PSP

  SEGMENTS IN THE MODULE
  ======================
RCODE
  Relative segment, address: CODE 000008BE - 00000906 (0x49 bytes), align: 0
  Segment part 0.
           ENTRY                   ADDRESS         REF BY
           =====                   =======         ======
           ?INTERRUPT_ENTER_PSP    000008BE        port0_ISR (basic_rf)
                                                   port1_ISR (basic_rf)
                                                   port2_ISR (basic_rf)
                                                   rfIsr (basic_rf)

    -------------------------------------------------------------------------
  LIBRARY MODULE, NAME : ?INTERRUPT_LEAVE_PSP

  SEGMENTS IN THE MODULE
  ======================
RCODE
  Relative segment, address: CODE 00000907 - 00000949 (0x43 bytes), align: 0
  Segment part 0.
           ENTRY                   ADDRESS         REF BY
           =====                   =======         ======
           ?INTERRUPT_LEAVE_PSP    00000907        ?Subroutine3 (basic_rf)
                                                   rfIsr (basic_rf)

    -------------------------------------------------------------------------
  LIBRARY MODULE, NAME : ?PUSH_PSTACK_X

  SEGMENTS IN THE MODULE
  ======================
RCODE
  Relative segment, address: CODE 0000094A - 0000094D (0x4 bytes), align: 0
  Segment part 0.
           ENTRY                   ADDRESS         REF BY
           =====                   =======         ======
           ?PUSH_PSTACK_X_FOUR     0000094A        main (basic_rf)
    -------------------------------------------------------------------------
RCODE
  Relative segment, address: CODE 0000094E - 0000095E (0x11 bytes), align: 0
  Segment part 4.             Intra module refs:   ?PUSH_PSTACK_X_FOUR
           ENTRY                   ADDRESS         REF BY
           =====                   =======         ======
           ?PUSH_PSTACK_X          0000094E 

    -------------------------------------------------------------------------
  LIBRARY MODULE, NAME : ?low_level_init

  SEGMENTS IN THE MODULE
  ======================
CSTART
  Relative segment, address: CODE 00000113 - 00000115 (0x3 bytes), align: 0
  Segment part 6. ROOT.
           ENTRY                   ADDRESS         REF BY
           =====                   =======         ======
           __low_level_init        00000113        __low_level_init_call (?cmain)




                ****************************************
                *                                      *
                *            MODULE SUMMARY            *
                *                                      *
                ****************************************

Module                    CODE      DATA      XDATA  IDATA    BIT
------                    ----      ----      -----  -----    ---
                         (Rel)  (Rel)  (Abs)  (Rel)  (Rel)  (Rel)
?BANKED_CODE_SUPPORT        30
?BANKED_ENTER_PDATA         55
?BANKED_LEAVE_PDATA         43
?CALL_IND                    2
?FLT_ADD                   572
?FLT_EQ                     44
?FLT_LT                     76
?FLT_MUL                   384
?FLT_TEST_INF               21
?FLT_TEST_INF_R1            21
?FLT_TEST_NAN               15
?FLT_TEST_NAN_R1            15
?FLT_TEST_ZERO              10
?FLT_TEST_ZERO_R1           10
?FLT_TO_L                  143
?INTERRUPT_ENTER_PSP        73
?INTERRUPT_LEAVE_PSP        67
?L_MOV_PX                   15
?L_MOV_TO_X                 15
?L_MOV_X                    15
?L_NEG                      20
?L_TO_FLT                  120
?MOVE_LONG8_PDATA_XDATA     13
?PUSH_PSTACK_X              21
?S_DIV_MOD                  89
?S_SHL                      19
?XLOAD_R2345                12
?XSTORE_R2345               12
?cexit                       5
?cmain                      88
?low_level_init              3
CSTARTUP                    18
  + common                   3
VIRTUAL_REGISTERS                   1                           8
basic_rf                 3 438            23    380
  + common                 134
N/A (command line)                 16           128     64
N/A (alignment)
----------               -----     --     --    ---     --      -
Total:                   5 484     17     23    508     64      8
  + common                 134


                ****************************************
                *                                      *
                *      SEGMENTS IN ADDRESS ORDER       *
                *                                      *
                ****************************************


SEGMENT              SPACE    START ADDRESS   END ADDRESS     SIZE  TYPE  ALIGN
=======              =====    =============   ===========     ====  ====  =====
INTVEC               CODE          00000000 - 00000085          86   com    0
CSTART               CODE          00000086 - 00000115          90   rel    0
DATA_ID              CODE               00000116                     dse    0
BDATA_ID             CODE               00000116                     dse    0
IXDATA_ID            CODE               00000116                     dse    0
PDATA_ID             CODE               00000116                     dse    0
IDATA_ID             CODE               00000116                     dse    0
BIT_ID               CODE               00000116                     dse    0
XDATA_ID             CODE          00000116 - 0000015A          45   rel    0
BANK_RELAYS          CODE          0000015B - 000001F0          96   rel    0
RCODE                CODE          000001F1 - 0000095E         76E   rel    0
DIFUNCT              CODE               0000095F                     dse    0
CODE_C               CODE          0000095F - 00000B86         228   rel    0
CODE_N               CODE               00000B87                     dse    0
NEAR_CODE            CODE          00000B87 - 00000CDE         158   rel    0
<BANKED_CODE> 1      CODE          00000CDF - 000015F1         913   rel    0
REGISTERS            DATA          00000000 - 00000007           8   rel    0
VREG                 DATA          00000008 - 0000000F           8   rel    0
PSP                  DATA          00000010 - 00000010           1   rel    0
BREG                 BIT        00000020.0  -  00000020.7        8   rel    0
SFR_AN               DATA          00000080 - 00000080           1   rel    0
                     DATA          00000088 - 0000008B           4 
                     DATA          00000090 - 00000091           2 
                     DATA          00000098 - 00000098           1 
                     DATA          0000009A - 0000009B           2 
                     DATA          0000009D - 0000009E           2 
                     DATA          000000A8 - 000000A8           1 
                     DATA          000000BE - 000000BE           1 
                     DATA          000000C0 - 000000C0           1 
                     DATA          000000C6 - 000000C6           1 
                     DATA          000000D9 - 000000D9           1 
                     DATA          000000E1 - 000000E1           1 
                     DATA          000000E8 - 000000E9           2 
                     DATA          000000F3 - 000000F3           1 
                     DATA          000000FD - 000000FE           2 
XDATA_Z              XDATA         00000001 - 00000137         137   rel    0
XDATA_I              XDATA         00000138 - 0000017C          45   rel    0
PDATA_Z              XDATA              00001E00                     dse    0
PSTACK               XDATA         00001E00 - 00001E7F          80   rel    0
ISTACK               IDATA         000000C0 - 000000FF          40   rel    0

                ****************************************
                *                                      *
                *        END OF CROSS REFERENCE        *
                *                                      *
                ****************************************

 5 618 bytes of CODE  memory
    17 bytes of DATA  memory (+ 23 absolute )
   508 bytes of XDATA memory
    64 bytes of IDATA memory
     8 bits  of BIT   memory

Errors: none
Warnings: none

