################################################################################
#                                                                              #
#      IAR Universal Linker V5.0.2.5/W32                                       #
#                                                                              #
#           Link time     =  02/Mar/2015  22:00:05                             #
#           Target CPU    =  x51                                               #
#           List file     =  Y:\GitHub\CC2350PigRun\DS18B20tempeture\Êý¾Ý½ÓÊÕÄ #
#                            £¿é\ide\srf05_cc2530\iar\temp\light_switch.map    #
#           Output file 1 =  Y:\GitHub\CC2350PigRun\DS18B20tempeture\Êý¾Ý½ÓÊÕÄ #
#                            £¿é\ide\srf05_cc2530\iar\light_switch.hex         #
#                            Format: intel-extended                            #
#           Output file 2 =  Y:\GitHub\CC2350PigRun\DS18B20tempeture\Êý¾Ý½ÓÊÕÄ #
#                            £¿é\ide\srf05_cc2530\iar\light_switch.d51         #
#                            Format: debug                                     #
#                            UBROF version 10.0.3                              #
#                            Using library modules for C-SPY (-rt)             #
#           Command line  =  "-IC:\Program Files\IAR Systems\Embedded Workbenc #
#                            h 6.0 Evaluation\8051\CONFIG\"                    #
#                            -D_NR_OF_BANKS=0x07 -D_CODEBANK_END=0xFFFF        #
#                            -D_CODEBANK_START=0x8000 -D?CBANK_MASK=0xFF       #
#                            -D?CBANK=0x9F                                     #
#                            Y:\GitHub\CC2350PigRun\DS18B20tempeture\Êý¾Ý½ÓÊÕÄ #
#                            £¿é\ide\srf05_cc2530\iar\temp\light_switch\adc.r5 #
#                            1                                                 #
#                            Y:\GitHub\CC2350PigRun\DS18B20tempeture\Êý¾Ý½ÓÊÕÄ #
#                            £¿é\ide\srf05_cc2530\iar\temp\light_switch\basic_ #
#                            rf.r51                                            #
#                            Y:\GitHub\CC2350PigRun\DS18B20tempeture\Êý¾Ý½ÓÊÕÄ #
#                            £¿é\ide\srf05_cc2530\iar\temp\light_switch\basic_ #
#                            rf_security.r51                                   #
#                            Y:\GitHub\CC2350PigRun\DS18B20tempeture\Êý¾Ý½ÓÊÕÄ #
#                            £¿é\ide\srf05_cc2530\iar\temp\light_switch\clock. #
#                            r51                                               #
#                            Y:\GitHub\CC2350PigRun\DS18B20tempeture\Êý¾Ý½ÓÊÕÄ #
#                            £¿é\ide\srf05_cc2530\iar\temp\light_switch\hal_as #
#                            sert.r51                                          #
#                            Y:\GitHub\CC2350PigRun\DS18B20tempeture\Êý¾Ý½ÓÊÕÄ #
#                            £¿é\ide\srf05_cc2530\iar\temp\light_switch\hal_bo #
#                            ard.r51                                           #
#                            Y:\GitHub\CC2350PigRun\DS18B20tempeture\Êý¾Ý½ÓÊÕÄ #
#                            £¿é\ide\srf05_cc2530\iar\temp\light_switch\hal_di #
#                            gio.r51                                           #
#                            Y:\GitHub\CC2350PigRun\DS18B20tempeture\Êý¾Ý½ÓÊÕÄ #
#                            £¿é\ide\srf05_cc2530\iar\temp\light_switch\hal_in #
#                            t.r51                                             #
#                            Y:\GitHub\CC2350PigRun\DS18B20tempeture\Êý¾Ý½ÓÊÕÄ #
#                            £¿é\ide\srf05_cc2530\iar\temp\light_switch\hal_lc #
#                            d_srf05.r51                                       #
#                            Y:\GitHub\CC2350PigRun\DS18B20tempeture\Êý¾Ý½ÓÊÕÄ #
#                            £¿é\ide\srf05_cc2530\iar\temp\light_switch\hal_mc #
#                            u.r51                                             #
#                            Y:\GitHub\CC2350PigRun\DS18B20tempeture\Êý¾Ý½ÓÊÕÄ #
#                            £¿é\ide\srf05_cc2530\iar\temp\light_switch\hal_rf #
#                            .r51                                              #
#                            Y:\GitHub\CC2350PigRun\DS18B20tempeture\Êý¾Ý½ÓÊÕÄ #
#                            £¿é\ide\srf05_cc2530\iar\temp\light_switch\hal_rf #
#                            _security.r51                                     #
#                            Y:\GitHub\CC2350PigRun\DS18B20tempeture\Êý¾Ý½ÓÊÕÄ #
#                            £¿é\ide\srf05_cc2530\iar\temp\light_switch\receiv #
#                            e.r51                                             #
#                            Y:\GitHub\CC2350PigRun\DS18B20tempeture\Êý¾Ý½ÓÊÕÄ #
#                            £¿é\ide\srf05_cc2530\iar\temp\light_switch\util.r #
#                            51                                                #
#                            Y:\GitHub\CC2350PigRun\DS18B20tempeture\Êý¾Ý½ÓÊÕÄ #
#                            £¿é\ide\srf05_cc2530\iar\temp\light_switch\util_b #
#                            uffer.r51                                         #
#                            -o                                                #
#                            Y:\GitHub\CC2350PigRun\DS18B20tempeture\Êý¾Ý½ÓÊÕÄ #
#                            £¿é\ide\srf05_cc2530\iar\light_switch.d51         #
#                            -l                                                #
#                            Y:\GitHub\CC2350PigRun\DS18B20tempeture\Êý¾Ý½ÓÊÕÄ #
#                            £¿é\ide\srf05_cc2530\iar\temp\light_switch.map    #
#                            -xmsn                                             #
#                            "-IC:\Program Files\IAR Systems\Embedded Workbenc #
#                            h 6.0 Evaluation\8051\LIB\"                       #
#                            -f                                                #
#                            "C:\Program Files\IAR Systems\Embedded Workbench  #
#                            6.0 Evaluation\8051\config\devices\Texas Instrume #
#                            nts\lnk51ew_CC2530F256_banked.xcl"                #
#                            (-D_IDATA0_START=0x00 -D_IDATA0_END=0xFF          #
#                            -D_PDATA0_START=0x1E00 -D_PDATA0_END=0x1EFF       #
#                            -D_IXDATA0_START=0x0001 -D_IXDATA0_END=0x1EFF     #
#                            -D_XDATA0_START=_IXDATA0_START                    #
#                            -D_XDATA0_END=_IXDATA0_END                        #
#                            -D_NEAR_CODE_START=0x0000                         #
#                            -D_FIRST_BANK_ADDR=0x10000 -D?REGISTER_BANK=0x0   #
#                            -D_REGISTER_BANK_START=0x0 -D_BREG_START=0x00     #
#                            -D?VB=0x20 -D?ESP=0x9B -Z(BIT)BREG=_BREG_START    #
#                            -Z(BIT)BIT_N=0-7F                                 #
#                            -Z(DATA)REGISTERS+8=_REGISTER_BANK_START          #
#                            -Z(DATA)BDATA_Z,BDATA_N,BDATA_I=20-2F             #
#                            -Z(DATA)VREG+_NR_OF_VIRTUAL_REGISTERS=08-7F       #
#                            -Z(DATA)PSP,XSP=08-7F -Z(DATA)DOVERLAY=08-7F      #
#                            -Z(DATA)DATA_I,DATA_Z,DATA_N=08-7F                #
#                            -U(IDATA)0-7F=(DATA)0-7F                          #
#                            -Z(IDATA)IDATA_I,IDATA_Z,IDATA_N=08-_IDATA0_END   #
#                            -Z(IDATA)ISTACK+_IDATA_STACK_SIZE#08-_IDATA0_END  #
#                            -Z(IDATA)IOVERLAY=08-FF -Z(CODE)INTVEC=0          #
#                            -Z(CODE)CSTART=_NEAR_CODE_START-(_CODEBANK_START- #
#                            1)                                                #
#                            -Z(CODE)BIT_ID,BDATA_ID,DATA_ID,IDATA_ID,IXDATA_I #
#                            D,PDATA_ID,XDATA_ID=_NEAR_CODE_START-(_CODEBANK_S #
#                            TART-1)                                           #
#                            -Z(CODE)BANK_RELAYS,RCODE,DIFUNCT,CODE_C,CODE_N,N #
#                            EAR_CODE=_NEAR_CODE_START-(_CODEBANK_START-1)     #
#                            -P(CODE)BANKED_CODE=_NEAR_CODE_START-(_CODEBANK_S #
#                            TART-1),[(_CODEBANK_START+_FIRST_BANK_ADDR)-(_COD #
#                            EBANK_END+_FIRST_BANK_ADDR)]*_NR_OF_BANKS+10000   #
#                            -Z(CODE)CHECKSUM#(_CODEBANK_START-1)              #
#                            -Z(XDATA)PDATA_Z,PDATA_I=_PDATA0_START-_PDATA0_EN #
#                            D                                                 #
#                            -P(XDATA)PDATA_N=_PDATA0_START-_PDATA0_END        #
#                            -Z(XDATA)PSTACK+_PDATA_STACK_SIZE=_PDATA0_START-_ #
#                            PDATA0_END                                        #
#                            -Z(XDATA)EXT_STACK+_EXTENDED_STACK_SIZE=_EXTENDED #
#                            _STACK_START                                      #
#                            -Z(XDATA)XSTACK+_XDATA_STACK_SIZE=_XDATA0_START-_ #
#                            XDATA0_END                                        #
#                            -Z(XDATA)IXDATA_Z,IXDATA_I=_IXDATA0_START-_IXDATA #
#                            0_END                                             #
#                            -P(XDATA)IXDATA_N=_IXDATA0_START-_IXDATA0_END     #
#                            -Z(XDATA)XDATA_Z,XDATA_I=_XDATA0_START-_XDATA0_EN #
#                            D                                                 #
#                            -P(XDATA)XDATA_N=_XDATA0_START-_XDATA0_END        #
#                            -Z(XDATA)XDATA_HEAP+_XDATA_HEAP_SIZE=_XDATA0_STAR #
#                            T-_XDATA0_END                                     #
#                            -Z(CONST)XDATA_ROM_C=_XDATA0_START-_XDATA0_END    #
#                            -cx51                                             #
#                            -M(CODE)[(_CODEBANK_START+_FIRST_BANK_ADDR)-(_COD #
#                            EBANK_END+_FIRST_BANK_ADDR)]*_NR_OF_BANKS+0x10000 #
#                            =0x8000                                           #
#                            -ww69=i -D_BANK0_START=0x00000                    #
#                            -D_BANK0_END=0x07FFF -D_BANK1_START=0x18000       #
#                            -D_BANK1_END=0x1FFFF -D_BANK2_START=0x28000       #
#                            -D_BANK2_END=0x2FFFF -D_BANK3_START=0x38000       #
#                            -D_BANK3_END=0x3FFFF -D_BANK4_START=0x48000       #
#                            -D_BANK4_END=0x4FFFF -D_BANK5_START=0x58000       #
#                            -D_BANK5_END=0x5FFFF -D_BANK6_START=0x68000       #
#                            -D_BANK6_END=0x6FFFF -D_BANK7_START=0x78000       #
#                            -D_BANK7_END=0x7FFFF                              #
#                            -P(CODE)BANK0=_BANK0_START-_BANK0_END             #
#                            -P(CODE)BANK1=_BANK1_START-_BANK1_END             #
#                            -P(CODE)BANK2=_BANK2_START-_BANK2_END             #
#                            -P(CODE)BANK3=_BANK3_START-_BANK3_END             #
#                            -P(CODE)BANK4=_BANK4_START-_BANK4_END             #
#                            -P(CODE)BANK5=_BANK5_START-_BANK5_END             #
#                            -P(CODE)BANK6=_BANK6_START-_BANK6_END             #
#                            -P(CODE)BANK7=_BANK7_START-_BANK7_END             #
#                            -D_FLASH_LOCK_BITS_START=0x7FFF0                  #
#                            -D_FLASH_LOCK_BITS_END=0x7FFFF                    #
#                            -Z(CODE)FLASH_LOCK_BITS=_FLASH_LOCK_BITS_START-_F #
#                            LASH_LOCK_BITS_END                                #
#                            -U(CODE)0x0000=(CODE)_FLASH_LOCK_BITS_START-_FLAS #
#                            H_LOCK_BITS_END)                                  #
#                            -e?BCALL_FF=?BCALL -e?BRET_FF=?BRET               #
#                            -e?BDISPATCH_FF=?BDISPATCH                        #
#                            -D_NR_OF_VIRTUAL_REGISTERS=8 -D?PBANK=0x93        #
#                            -e_medium_write=_formatted_write                  #
#                            -e_medium_read=_formatted_read -rt                #
#                            -Ointel-extended=Y:\GitHub\CC2350PigRun\DS18B20te #
#                            mpeture\Êý¾Ý½ÓÊÕÄ£¿é\ide\srf05_cc2530\iar\light_s #
#                            witch.hex                                         #
#                            -s __program_start                                #
#                            "C:\Program Files\IAR Systems\Embedded Workbench  #
#                            6.0 Evaluation\8051\LIB\CLIB\cl-pli-blpd-1e16x01. #
#                            r51"                                              #
#                            -D_IDATA_STACK_SIZE=0x40                          #
#                            -D_EXTENDED_STACK_START=0x00                      #
#                            -D_EXTENDED_STACK_SIZE=0x00                       #
#                            -D_PDATA_STACK_SIZE=0x80                          #
#                            -D_XDATA_STACK_SIZE=0x100                         #
#                            -D_XDATA_HEAP_SIZE=0xFF -D_FAR_HEAP_SIZE=0xFFF    #
#                            -D_HUGE_HEAP_SIZE=0xFFF                           #
#                            -D_FAR22_HEAP_SIZE=0xFFF                          #
#                                                                              #
#                           Copyright (C) 1987-2010 IAR Systems AB.            #
################################################################################





                ****************************************
                *                                      *
                *           CROSS REFERENCE            *
                *                                      *
                ****************************************

       Program entry at : CODE      000000E3  Relocatable, from module : CSTARTUP




                ****************************************
                *                                      *
                *            RUNTIME MODEL             *
                *                                      *
                ****************************************

  __SystemLibrary          = CLib
  __calling_convention     = pdata_reentrant
  __code_model             = banked
  __core                   = plain
  __data_model             = large
  __dptr_size              = 16
  __extended_stack         = disabled
  __location_for_constants = data
  __number_of_dptrs        = 1
  __rt_version             = 1



                ****************************************
                *                                      *
                *              MODULE MAP              *
                *                                      *
                ****************************************


  DEFINED ABSOLUTE ENTRIES
    *************************************************************************

  DEFINED ABSOLUTE ENTRIES
  PROGRAM MODULE, NAME : ?ABS_ENTRY_MOD

Absolute parts
           ENTRY                   ADDRESS         REF BY
           =====                   =======         ======
           _FAR22_HEAP_SIZE        00000FFF 
           _HUGE_HEAP_SIZE         00000FFF 
           _FAR_HEAP_SIZE          00000FFF 
           _XDATA_HEAP_SIZE        000000FF 
           _XDATA_STACK_SIZE       00000100 
           _PDATA_STACK_SIZE       00000080 
           _EXTENDED_STACK_SIZE    00000000 
           _EXTENDED_STACK_START   00000000 
           _IDATA_STACK_SIZE       00000040 
           ?PBANK                  00000093        ?RESET_PDATA_BANK (CSTARTUP)
           _NR_OF_VIRTUAL_REGISTERS
                                   00000008 
           _FLASH_LOCK_BITS_END    0003FFFF 
           _FLASH_LOCK_BITS_START
                                   0003FFF0 
           _BANK7_END              0003FFFF 
           _BANK7_START            00038000 
           _BANK6_END              00037FFF 
           _BANK6_START            00030000 
           _BANK5_END              0002FFFF 
           _BANK5_START            00028000 
           _BANK4_END              00027FFF 
           _BANK4_START            00020000 
           _BANK3_END              0001FFFF 
           _BANK3_START            00018000 
           _BANK2_END              00017FFF 
           _BANK2_START            00010000 
           _BANK1_END              0000FFFF 
           _BANK1_START            00008000 
           _BANK0_END              00007FFF 
           _BANK0_START            00000000 
           ?ESP                    0000009B 
           ?VB                     00000020        ?BANKED_ENTER_PDATA (?BANKED_ENTER_PDATA)
                                                   ?BANKED_LEAVE_PDATA (?BANKED_LEAVE_PDATA)
                                                   ?INTERRUPT_ENTER_PSP (?INTERRUPT_ENTER_PSP)
                                                   ?INTERRUPT_LEAVE_PSP (?INTERRUPT_LEAVE_PSP)
           _BREG_START             00000000 
           _REGISTER_BANK_START    00000000 
           ?REGISTER_BANK          00000000        Segment part 6 (CSTARTUP)
           _FIRST_BANK_ADDR        00010000 
           _NEAR_CODE_START        00000000 
           _XDATA0_END             00001EFF 
           _XDATA0_START           00000001 
           _IXDATA0_END            00001EFF 
           _IXDATA0_START          00000001 
           _PDATA0_END             00001EFF 
           _PDATA0_START           00001E00 
           _IDATA0_END             000000FF 
           _IDATA0_START           00000000 
           ?CBANK                  0000009F        ?RESET_CODE_BANK (CSTARTUP)
                                                   Segment part 0 (?BANKED_CODE_SUPPORT)
           ?CBANK_MASK             000000FF 
           _CODEBANK_START         00008000 
           _CODEBANK_END           0000FFFF 
           _NR_OF_BANKS            00000007 
    *************************************************************************

  FILE NAME : Y:\GitHub\CC2350PigRun\DS18B20tempeture\Êý¾Ý½ÓÊÕÄ£¿é\ide\srf05_cc2530\iar\temp\light_switch\adc.r51
    *************************************************************************

  FILE NAME : Y:\GitHub\CC2350PigRun\DS18B20tempeture\Êý¾Ý½ÓÊÕÄ£¿é\ide\srf05_cc2530\iar\temp\light_switch\basic_rf.r51
  PROGRAM MODULE, NAME : basic_rf

  SEGMENTS IN THE MODULE
  ======================
XDATA_I
  Relative segment, address: XDATA 000000C4 - 000000DA (0x17 bytes), align: 0
  Segment part 35.            Intra module refs:   main
    -------------------------------------------------------------------------
XDATA_I
  Relative segment, address: XDATA 000000DB - 000000E9 (0xf bytes), align: 0
  Segment part 37.            Intra module refs:   main
    -------------------------------------------------------------------------
XDATA_I
  Relative segment, address: XDATA 000000EA - 000000F0 (0x7 bytes), align: 0
  Segment part 39.            Intra module refs:   main
    -------------------------------------------------------------------------
XDATA_I
  Relative segment, address: XDATA 000000F1 - 000000F9 (0x9 bytes), align: 0
  Segment part 41.            Intra module refs:   main
    -------------------------------------------------------------------------
XDATA_I
  Relative segment, address: XDATA 000000FA - 00000101 (0x8 bytes), align: 0
  Segment part 43.            Intra module refs:   main
    -------------------------------------------------------------------------
XDATA_I
  Relative segment, address: XDATA 00000102 - 0000010D (0xc bytes), align: 0
  Segment part 45.            Intra module refs:   basicRfInit
                                                   basicRfRxFrmDoneIsr
                                                   main
           LOCAL                   ADDRESS         
           =====                   =======         
           rxi                     00000102 
    -------------------------------------------------------------------------
XDATA_Z
  Relative segment, address: XDATA 00000001 - 00000007 (0x7 bytes), align: 0
  Segment part 47.            Intra module refs:   basicRfInit
                                                   basicRfRxFrmDoneIsr
                                                   main
           LOCAL                   ADDRESS         
           =====                   =======         
           txState                 00000001 
    -------------------------------------------------------------------------
XDATA_Z
  Relative segment, address: XDATA 00000008 - 00000009 (0x2 bytes), align: 0
  Segment part 48.            Intra module refs:   ?Subroutine2
                                                   basicRfInit
           LOCAL                   ADDRESS         
           =====                   =======         
           pConfig                 00000008 
    -------------------------------------------------------------------------
XDATA_Z
  Relative segment, address: XDATA 0000000A - 00000089 (0x80 bytes), align: 0
  Segment part 49.            Intra module refs:   ?Subroutine3
                                                   basicRfRxFrmDoneIsr
           LOCAL                   ADDRESS         
           =====                   =======         
           rxMpdu                  0000000A 
    -------------------------------------------------------------------------
<BANKED_CODE> 1 (was BANKED_CODE)
  Relative segment, address: CODE 00000D05 - 00000DDB (0xd7 bytes), align: 0
  Segment part 67.            Intra module refs:   basicRfRxFrmDoneIsr::?relay
           LOCAL                   ADDRESS         
           =====                   =======         
           basicRfRxFrmDoneIsr     00000D05 
               calls direct, is indirectly called
    -------------------------------------------------------------------------
<BANKED_CODE> 1 (was BANKED_CODE)
  Relative segment, address: CODE 00000DDC - 00000DE9 (0xe bytes), align: 0
  Segment part 69.            Intra module refs:   basicRfRxFrmDoneIsr
           LOCAL                   ADDRESS         
           =====                   =======         
           ?Subroutine3            00000DDC 
    -------------------------------------------------------------------------
<BANKED_CODE> 1 (was BANKED_CODE)
  Relative segment, address: CODE 00000DEA - 00000E70 (0x87 bytes), align: 0
  Segment part 70.            Intra module refs:   basicRfInit::?relay
           ENTRY                   ADDRESS         REF BY
           =====                   =======         ======
           basicRfInit             00000DEA 
               calls direct
               PSTACK = 00000000 ( 00000007 )
    -------------------------------------------------------------------------
<BANKED_CODE> 1 (was BANKED_CODE)
  Relative segment, address: CODE 00000E71 - 00000E7E (0xe bytes), align: 0
  Segment part 72.            Intra module refs:   basicRfInit
           LOCAL                   ADDRESS         
           =====                   =======         
           ?Subroutine2            00000E71 
    -------------------------------------------------------------------------
SFR_AN
  Relative segment, address: DATA 00000086 - 00000086 (0x1 bytes), align: 0
  Segment part 1. ROOT.       Intra module refs:   main
           ENTRY                   ADDRESS         REF BY
           =====                   =======         ======
           U0CSR                   00000086 
    -------------------------------------------------------------------------
SFR_AN
  Relative segment, address: DATA 00000089 - 00000089 (0x1 bytes), align: 0
  Segment part 2. ROOT.       Intra module refs:   port0_ISR
           ENTRY                   ADDRESS         REF BY
           =====                   =======         ======
           P0IFG                   00000089 
    -------------------------------------------------------------------------
SFR_AN
  Relative segment, address: DATA 0000008A - 0000008A (0x1 bytes), align: 0
  Segment part 3. ROOT.       Intra module refs:   port1_ISR
           ENTRY                   ADDRESS         REF BY
           =====                   =======         ======
           P1IFG                   0000008A 
    -------------------------------------------------------------------------
SFR_AN
  Relative segment, address: DATA 0000008B - 0000008B (0x1 bytes), align: 0
  Segment part 4. ROOT.       Intra module refs:   port2_ISR
           ENTRY                   ADDRESS         REF BY
           =====                   =======         ======
           P2IFG                   0000008B 
    -------------------------------------------------------------------------
SFR_AN
  Relative segment, address: DATA 00000090 - 00000090 (0x1 bytes), align: 0
  Segment part 5. ROOT.       Intra module refs:   LCD_disp_Float
                                                   LCD_write_char
                                                   LCD_write_english_string
                                                   initial_lcd
                                                   main
                                                   transfer_command_lcd
                                                   transfer_data_lcd
           ENTRY                   ADDRESS         REF BY
           =====                   =======         ======
           _A_P1                   00000090 
           LOCAL                   ADDRESS         
           =====                   =======         
           P1                      00000090 
    -------------------------------------------------------------------------
SFR_AN
  Relative segment, address: DATA 0000009A - 0000009A (0x1 bytes), align: 0
  Segment part 6. ROOT.       Intra module refs:   halRfDisableRxInterrupt
                                                   halRfEnableRxInterrupt
           ENTRY                   ADDRESS         REF BY
           =====                   =======         ======
           IEN2                    0000009A 
    -------------------------------------------------------------------------
SFR_AN
  Relative segment, address: DATA 0000009B - 0000009B (0x1 bytes), align: 0
  Segment part 7. ROOT.       Intra module refs:   rfIsr
           ENTRY                   ADDRESS         REF BY
           =====                   =======         ======
           S1CON                   0000009B 
    -------------------------------------------------------------------------
SFR_AN
  Relative segment, address: DATA 0000009D - 0000009D (0x1 bytes), align: 0
  Segment part 8. ROOT.       Intra module refs:   clockSetMainSrc
           ENTRY                   ADDRESS         REF BY
           =====                   =======         ======
           SLEEPSTA                0000009D 
    -------------------------------------------------------------------------
SFR_AN
  Relative segment, address: DATA 0000009E - 0000009E (0x1 bytes), align: 0
  Segment part 9. ROOT.       Intra module refs:   clockSelect32k
                                                   clockSetMainSrc
           ENTRY                   ADDRESS         REF BY
           =====                   =======         ======
           CLKCONSTA               0000009E 
    -------------------------------------------------------------------------
SFR_AN
  Relative segment, address: DATA 000000A8 - 000000A8 (0x1 bytes), align: 0
  Segment part 10. ROOT.      Intra module refs:   basicRfInit
                                                   basicRfRxFrmDoneIsr
                                                   main
                                                   rfIsr
           ENTRY                   ADDRESS         REF BY
           =====                   =======         ======
           _A_IEN0                 000000A8 
           LOCAL                   ADDRESS         
           =====                   =======         
           IEN0                    000000A8 
    -------------------------------------------------------------------------
SFR_AN
  Relative segment, address: DATA 000000BE - 000000BE (0x1 bytes), align: 0
  Segment part 11. ROOT.      Intra module refs:   clockSetMainSrc
           ENTRY                   ADDRESS         REF BY
           =====                   =======         ======
           SLEEPCMD                000000BE 
    -------------------------------------------------------------------------
SFR_AN
  Relative segment, address: DATA 000000C0 - 000000C0 (0x1 bytes), align: 0
  Segment part 12. ROOT.      Intra module refs:   port0_ISR
           ENTRY                   ADDRESS         REF BY
           =====                   =======         ======
           _A_IRCON                000000C0 
           LOCAL                   ADDRESS         
           =====                   =======         
           IRCON                   000000C0 
    -------------------------------------------------------------------------
SFR_AN
  Relative segment, address: DATA 000000C1 - 000000C1 (0x1 bytes), align: 0
  Segment part 13. ROOT.      Intra module refs:   UartTX_Send_String
           ENTRY                   ADDRESS         REF BY
           =====                   =======         ======
           U0DBUF                  000000C1 
    -------------------------------------------------------------------------
SFR_AN
  Relative segment, address: DATA 000000C2 - 000000C2 (0x1 bytes), align: 0
  Segment part 14. ROOT.      Intra module refs:   main
           ENTRY                   ADDRESS         REF BY
           =====                   =======         ======
           U0BAUD                  000000C2 
    -------------------------------------------------------------------------
SFR_AN
  Relative segment, address: DATA 000000C5 - 000000C5 (0x1 bytes), align: 0
  Segment part 15. ROOT.      Intra module refs:   main
           ENTRY                   ADDRESS         REF BY
           =====                   =======         ======
           U0GCR                   000000C5 
    -------------------------------------------------------------------------
SFR_AN
  Relative segment, address: DATA 000000C6 - 000000C6 (0x1 bytes), align: 0
  Segment part 16. ROOT.      Intra module refs:   clockSelect32k
                                                   clockSetMainSrc
           ENTRY                   ADDRESS         REF BY
           =====                   =======         ======
           CLKCONCMD               000000C6 
    -------------------------------------------------------------------------
SFR_AN
  Relative segment, address: DATA 000000D9 - 000000D9 (0x1 bytes), align: 0
  Segment part 17. ROOT.      Intra module refs:   halRfReadRxBuf
           ENTRY                   ADDRESS         REF BY
           =====                   =======         ======
           RFD                     000000D9 
    -------------------------------------------------------------------------
SFR_AN
  Relative segment, address: DATA 000000E1 - 000000E1 (0x1 bytes), align: 0
  Segment part 18. ROOT.      Intra module refs:   main
           ENTRY                   ADDRESS         REF BY
           =====                   =======         ======
           RFST                    000000E1 
    -------------------------------------------------------------------------
SFR_AN
  Relative segment, address: DATA 000000E8 - 000000E8 (0x1 bytes), align: 0
  Segment part 19. ROOT.      Intra module refs:   UartTX_Send_String
                                                   main
                                                   port1_ISR
                                                   port2_ISR
           ENTRY                   ADDRESS         REF BY
           =====                   =======         ======
           _A_IRCON2               000000E8 
           LOCAL                   ADDRESS         
           =====                   =======         
           IRCON2                  000000E8 
    -------------------------------------------------------------------------
SFR_AN
  Relative segment, address: DATA 000000E9 - 000000E9 (0x1 bytes), align: 0
  Segment part 20. ROOT.      Intra module refs:   rfIsr
           ENTRY                   ADDRESS         REF BY
           =====                   =======         ======
           RFIRQF0                 000000E9 
    -------------------------------------------------------------------------
SFR_AN
  Relative segment, address: DATA 000000F1 - 000000F1 (0x1 bytes), align: 0
  Segment part 21. ROOT.      Intra module refs:   main
           ENTRY                   ADDRESS         REF BY
           =====                   =======         ======
           PERCFG                  000000F1 
    -------------------------------------------------------------------------
SFR_AN
  Relative segment, address: DATA 000000F3 - 000000F3 (0x1 bytes), align: 0
  Segment part 22. ROOT.      Intra module refs:   main
           ENTRY                   ADDRESS         REF BY
           =====                   =======         ======
           P0SEL                   000000F3 
    -------------------------------------------------------------------------
SFR_AN
  Relative segment, address: DATA 000000FD - 000000FD (0x1 bytes), align: 0
  Segment part 23. ROOT.      Intra module refs:   main
           ENTRY                   ADDRESS         REF BY
           =====                   =======         ======
           P0DIR                   000000FD 
    -------------------------------------------------------------------------
SFR_AN
  Relative segment, address: DATA 000000FE - 000000FE (0x1 bytes), align: 0
  Segment part 24. ROOT.      Intra module refs:   initial_lcd
                                                   main
           ENTRY                   ADDRESS         REF BY
           =====                   =======         ======
           P1DIR                   000000FE 
    -------------------------------------------------------------------------
SFR_AN
  Relative segment, address: DATA 000000FF - 000000FF (0x1 bytes), align: 0
  Segment part 25. ROOT.      Intra module refs:   main
           ENTRY                   ADDRESS         REF BY
           =====                   =======         ======
           P2DIR                   000000FF 
    -------------------------------------------------------------------------
<BANKED_CODE> 1 (was BANKED_CODE)
  Relative segment, address: CODE 00000E7F - 00000EB2 (0x34 bytes), align: 0
  Segment part 73.            Intra module refs:   clockSetMainSrc::?relay
           ENTRY                   ADDRESS         REF BY
           =====                   =======         ======
           clockSetMainSrc         00000E7F 
    -------------------------------------------------------------------------
<BANKED_CODE> 1 (was BANKED_CODE)
  Relative segment, address: CODE 00000EB3 - 00000EDB (0x29 bytes), align: 0
  Segment part 75.            Intra module refs:   clockSelect32k::?relay
           ENTRY                   ADDRESS         REF BY
           =====                   =======         ======
           clockSelect32k          00000EB3 
    -------------------------------------------------------------------------
<BANKED_CODE> 1 (was BANKED_CODE)
  Relative segment, address: CODE 00000EDC - 00000F08 (0x2d bytes), align: 0
  Segment part 77.            Intra module refs:   halMcuWaitUs::?relay
           ENTRY                   ADDRESS         REF BY
           =====                   =======         ======
           halMcuWaitUs            00000EDC 
               PSTACK = 00000007 ( 00000000 )
    -------------------------------------------------------------------------
<BANKED_CODE> 1 (was BANKED_CODE)
  Relative segment, address: CODE 00000F09 - 00000F2F (0x27 bytes), align: 0
  Segment part 79.            Intra module refs:   halMcuWaitMs::?relay
           ENTRY                   ADDRESS         REF BY
           =====                   =======         ======
           halMcuWaitMs            00000F09 
               calls direct
               PSTACK = 00000000 ( 00000007 )
    -------------------------------------------------------------------------
XDATA_Z
  Relative segment, address: XDATA 0000008A - 0000008B (0x2 bytes), align: 0
  Segment part 50.            Intra module refs:   basicRfInit
                                                   rfIsr
           LOCAL                   ADDRESS         
           =====                   =======         
           pfISR                   0000008A 
    -------------------------------------------------------------------------
<BANKED_CODE> 1 (was BANKED_CODE)
  Relative segment, address: CODE 00000F30 - 00000F4F (0x20 bytes), align: 0
  Segment part 81.            Intra module refs:   halRfInit::?relay
           ENTRY                   ADDRESS         REF BY
           =====                   =======         ======
           halRfInit               00000F30 
               calls direct
               PSTACK = 00000007 ( 00000000 )
    -------------------------------------------------------------------------
<BANKED_CODE> 1 (was BANKED_CODE)
  Relative segment, address: CODE 00000F50 - 00000F64 (0x15 bytes), align: 0
  Segment part 83.            Intra module refs:   halRfReadRxBuf::?relay
           ENTRY                   ADDRESS         REF BY
           =====                   =======         ======
           halRfReadRxBuf          00000F50 
               ISTACK = 00000000 ( 00000001 )
    -------------------------------------------------------------------------
<BANKED_CODE> 1 (was BANKED_CODE)
  Relative segment, address: CODE 00000F65 - 00000F71 (0xd bytes), align: 0
  Segment part 85.            Intra module refs:   halRfDisableRxInterrupt::?relay
           ENTRY                   ADDRESS         REF BY
           =====                   =======         ======
           halRfDisableRxInterrupt
                                   00000F65 
    -------------------------------------------------------------------------
<BANKED_CODE> 1 (was BANKED_CODE)
  Relative segment, address: CODE 00000F72 - 00000F7E (0xd bytes), align: 0
  Segment part 87.            Intra module refs:   halRfEnableRxInterrupt::?relay
           ENTRY                   ADDRESS         REF BY
           =====                   =======         ======
           halRfEnableRxInterrupt
                                   00000F72 
    -------------------------------------------------------------------------
NEAR_CODE
  Relative segment, address: CODE 00000BB0 - 00000BE7 (0x38 bytes), align: 0
  Segment part 114.           Intra module refs:   rfIsr::??INTVEC 131
           ENTRY                   ADDRESS         REF BY
           =====                   =======         ======
           rfIsr                   00000BB0 
               interrupt function
               PSTACK = 00000000 ( 0000000E )
    -------------------------------------------------------------------------
CODE_C
  Relative segment, address: CODE 00000988 - 00000BAF (0x228 bytes), align: 0
  Segment part 51.            Intra module refs:   LCD_write_char
           ENTRY                   ADDRESS         REF BY
           =====                   =======         ======
           font6x8                 00000988 
    -------------------------------------------------------------------------
<BANKED_CODE> 1 (was BANKED_CODE)
  Relative segment, address: CODE 00000F7F - 00000F9B (0x1d bytes), align: 0
  Segment part 89.            Intra module refs:   delay::?relay
           ENTRY                   ADDRESS         REF BY
           =====                   =======         ======
           delay                   00000F7F 
    -------------------------------------------------------------------------
<BANKED_CODE> 1 (was BANKED_CODE)
  Relative segment, address: CODE 00000F9C - 00000FA8 (0xd bytes), align: 0
  Segment part 91.            Intra module refs:   LCD_delay::?relay
           ENTRY                   ADDRESS         REF BY
           =====                   =======         ======
           LCD_delay               00000F9C 
               PSTACK = 00000007 ( 00000000 )
    -------------------------------------------------------------------------
<BANKED_CODE> 1 (was BANKED_CODE)
  Relative segment, address: CODE 00000FA9 - 00000FD2 (0x2a bytes), align: 0
  Segment part 93.            Intra module refs:   transfer_command_lcd::?relay
           ENTRY                   ADDRESS         REF BY
           =====                   =======         ======
           transfer_command_lcd    00000FA9 
               calls direct
               PSTACK = 00000007 ( 00000007 )
    -------------------------------------------------------------------------
<BANKED_CODE> 1 (was BANKED_CODE)
  Relative segment, address: CODE 00000FD3 - 00000FF5 (0x23 bytes), align: 0
  Segment part 95.            Intra module refs:   transfer_data_lcd::?relay
           ENTRY                   ADDRESS         REF BY
           =====                   =======         ======
           transfer_data_lcd       00000FD3 
               calls direct
               PSTACK = 00000008 ( 00000007 )
    -------------------------------------------------------------------------
<BANKED_CODE> 1 (was BANKED_CODE)
  Relative segment, address: CODE 00000FF6 - 00000FFA (0x5 bytes), align: 0
  Segment part 97.            Intra module refs:   basicRfInit
                                                   lcd_address
                                                   transfer_command_lcd
                                                   transfer_data_lcd
           LOCAL                   ADDRESS         
           =====                   =======         
           ?Subroutine0            00000FF6 
    -------------------------------------------------------------------------
<BANKED_CODE> 1 (was BANKED_CODE)
  Relative segment, address: CODE 00000FFB - 0000100F (0x15 bytes), align: 0
  Segment part 98.            Intra module refs:   transfer_command_lcd
                                                   transfer_data_lcd
           LOCAL                   ADDRESS         
           =====                   =======         
           ?Subroutine5            00000FFB 
    -------------------------------------------------------------------------
<BANKED_CODE> 1 (was BANKED_CODE)
  Relative segment, address: CODE 00001010 - 00001075 (0x66 bytes), align: 0
  Segment part 99.            Intra module refs:   initial_lcd::?relay
           ENTRY                   ADDRESS         REF BY
           =====                   =======         ======
           initial_lcd             00001010 
               calls direct
    -------------------------------------------------------------------------
<BANKED_CODE> 1 (was BANKED_CODE)
  Relative segment, address: CODE 00001076 - 00001082 (0xd bytes), align: 0
  Segment part 101.           Intra module refs:   initial_lcd
           LOCAL                   ADDRESS         
           =====                   =======         
           ?Subroutine4            00001076 
    -------------------------------------------------------------------------
<BANKED_CODE> 1 (was BANKED_CODE)
  Relative segment, address: CODE 00001083 - 000010AD (0x2b bytes), align: 0
  Segment part 102.           Intra module refs:   lcd_address::?relay
           ENTRY                   ADDRESS         REF BY
           =====                   =======         ======
           lcd_address             00001083 
               calls direct
               PSTACK = 00000016 ( 00000007 )
    -------------------------------------------------------------------------
<BANKED_CODE> 1 (was BANKED_CODE)
  Relative segment, address: CODE 000010AE - 000010EE (0x41 bytes), align: 0
  Segment part 104.           Intra module refs:   LCD_write_char::?relay
           ENTRY                   ADDRESS         REF BY
           =====                   =======         ======
           LCD_write_char          000010AE 
               calls direct
               PSTACK = 00000016 ( 00000008 )
    -------------------------------------------------------------------------
<BANKED_CODE> 1 (was BANKED_CODE)
  Relative segment, address: CODE 000010EF - 00001125 (0x37 bytes), align: 0
  Segment part 106.           Intra module refs:   LCD_write_english_string::?relay
           ENTRY                   ADDRESS         REF BY
           =====                   =======         ======
           LCD_write_english_string
                                   000010EF 
               calls direct
               PSTACK = 00000000 ( 0000000A )
    -------------------------------------------------------------------------
<BANKED_CODE> 1 (was BANKED_CODE)
  Relative segment, address: CODE 00001126 - 00001293 (0x16e bytes), align: 0
  Segment part 108.           Intra module refs:   LCD_disp_Float::?relay
           ENTRY                   ADDRESS         REF BY
           =====                   =======         ======
           LCD_disp_Float          00001126 
               calls direct
               PSTACK = 00000004 ( 00000016 )
               ISTACK = 00000000 ( 00000001 )
    -------------------------------------------------------------------------
XDATA_Z
  Relative segment, address: XDATA 0000008C - 0000009B (0x10 bytes), align: 0
  Segment part 52.            Intra module refs:   port0_ISR
           LOCAL                   ADDRESS         
           =====                   =======         
           port0_isr_tbl           0000008C 
    -------------------------------------------------------------------------
XDATA_Z
  Relative segment, address: XDATA 0000009C - 000000AB (0x10 bytes), align: 0
  Segment part 53.            Intra module refs:   port1_ISR
           LOCAL                   ADDRESS         
           =====                   =======         
           port1_isr_tbl           0000009C 
    -------------------------------------------------------------------------
XDATA_Z
  Relative segment, address: XDATA 000000AC - 000000B5 (0xa bytes), align: 0
  Segment part 54.            Intra module refs:   port2_ISR
           LOCAL                   ADDRESS         
           =====                   =======         
           port2_isr_tbl           000000AC 
    -------------------------------------------------------------------------
NEAR_CODE
  Relative segment, address: CODE 00000BE8 - 00000C3B (0x54 bytes), align: 0
  Segment part 115.           Intra module refs:   port0_ISR::??INTVEC 107
           ENTRY                   ADDRESS         REF BY
           =====                   =======         ======
           port0_ISR               00000BE8 
               interrupt function
               PSTACK = 00000000 ( 0000000F )
    -------------------------------------------------------------------------
NEAR_CODE
  Relative segment, address: CODE 00000C3C - 00000C40 (0x5 bytes), align: 0
  Segment part 116.           Intra module refs:   port0_ISR
                                                   port1_ISR
                                                   port2_ISR
           LOCAL                   ADDRESS         
           =====                   =======         
           ?Subroutine1            00000C3C 
    -------------------------------------------------------------------------
NEAR_CODE
  Relative segment, address: CODE 00000C41 - 00000C96 (0x56 bytes), align: 0
  Segment part 117.           Intra module refs:   port1_ISR::??INTVEC 123
           ENTRY                   ADDRESS         REF BY
           =====                   =======         ======
           port1_ISR               00000C41 
               interrupt function
               PSTACK = 00000000 ( 0000000F )
    -------------------------------------------------------------------------
NEAR_CODE
  Relative segment, address: CODE 00000C97 - 00000CA1 (0xb bytes), align: 0
  Segment part 118.           Intra module refs:   port0_ISR
                                                   port1_ISR
                                                   port2_ISR
           LOCAL                   ADDRESS         
           =====                   =======         
           ?Subroutine7            00000C97 
    -------------------------------------------------------------------------
NEAR_CODE
  Relative segment, address: CODE 00000CA2 - 00000CAD (0xc bytes), align: 0
  Segment part 119.           Intra module refs:   port0_ISR
                                                   port1_ISR
                                                   port2_ISR
           LOCAL                   ADDRESS         
           =====                   =======         
           ?Subroutine6            00000CA2 
    -------------------------------------------------------------------------
NEAR_CODE
  Relative segment, address: CODE 00000CAE - 00000D04 (0x57 bytes), align: 0
  Segment part 120.           Intra module refs:   port2_ISR::??INTVEC 51
           ENTRY                   ADDRESS         REF BY
           =====                   =======         ======
           port2_ISR               00000CAE 
               interrupt function
               PSTACK = 00000000 ( 0000000F )
    -------------------------------------------------------------------------
XDATA_Z
  Relative segment, address: XDATA 000000B6 - 000000B8 (0x3 bytes), align: 0
  Segment part 55.            Intra module refs:   main
           LOCAL                   ADDRESS         
           =====                   =======         
           pRxData                 000000B6 
    -------------------------------------------------------------------------
XDATA_Z
  Relative segment, address: XDATA 000000B9 - 000000BE (0x6 bytes), align: 0
  Segment part 56.            Intra module refs:   main
           LOCAL                   ADDRESS         
           =====                   =======         
           basicRfConfig           000000B9 
    -------------------------------------------------------------------------
XDATA_Z
  Relative segment, address: XDATA 000000BF - 000000BF (0x1 bytes), align: 0
  Segment part 57.            Intra module refs:   main
           ENTRY                   ADDRESS         REF BY
           =====                   =======         ======
           Data_receive            000000BF 
    -------------------------------------------------------------------------
XDATA_Z
  Relative segment, address: XDATA 000000C0 - 000000C3 (0x4 bytes), align: 0
  Segment part 58.            Intra module refs:   main
           ENTRY                   ADDRESS         REF BY
           =====                   =======         ======
           temperture              000000C0 
    -------------------------------------------------------------------------
XDATA_I
  Relative segment, address: XDATA 0000010E - 00000111 (0x4 bytes), align: 0
  Segment part 59.            Intra module refs:   main
           ENTRY                   ADDRESS         REF BY
           =====                   =======         ======
           temp_data               0000010E 
    -------------------------------------------------------------------------
XDATA_I
  Relative segment, address: XDATA 00000112 - 00000115 (0x4 bytes), align: 0
  Segment part 61.            Intra module refs:   LCD_disp_Float
                                                   basicRfInit
           ENTRY                   ADDRESS         REF BY
           =====                   =======         ======
           __Constant_0            00000112 
    -------------------------------------------------------------------------
XDATA_I
  Relative segment, address: XDATA 00000116 - 00000119 (0x4 bytes), align: 0
  Segment part 63.            Intra module refs:   LCD_disp_Float
                                                   main
           ENTRY                   ADDRESS         REF BY
           =====                   =======         ======
           __Constant_41200000     00000116 
    -------------------------------------------------------------------------
XDATA_I
  Relative segment, address: XDATA 0000011A - 0000011D (0x4 bytes), align: 0
  Segment part 65.            Intra module refs:   main
           ENTRY                   ADDRESS         REF BY
           =====                   =======         ======
           __Constant_3d800000     0000011A 
    -------------------------------------------------------------------------
<BANKED_CODE> 1 (was BANKED_CODE)
  Relative segment, address: CODE 00001294 - 000012C8 (0x35 bytes), align: 0
  Segment part 110.           Intra module refs:   UartTX_Send_String::?relay
           ENTRY                   ADDRESS         REF BY
           =====                   =======         ======
           UartTX_Send_String      00001294 
               ISTACK = 00000000 ( 00000001 )
    -------------------------------------------------------------------------
<BANKED_CODE> 1 (was BANKED_CODE)
  Relative segment, address: CODE 000012C9 - 000014E5 (0x21d bytes), align: 0
  Segment part 112.
           ENTRY                   ADDRESS         REF BY
           =====                   =======         ======
           main                    000012C9        ?call_main (?cmain)
               calls direct
               PSTACK = 00000000 ( 00000004 )
    -------------------------------------------------------------------------
INTVEC
  Common segment, address: CODE 00000000 - 00000035 (0x36 bytes), align: 0
  Segment part 26. ROOT.
           ENTRY                   ADDRESS         REF BY
           =====                   =======         ======
           port2_ISR::??INTVEC 51
                                   00000033 
    -------------------------------------------------------------------------
INTVEC
  Common segment, address: CODE 00000000 - 0000006D (0x6e bytes), align: 0
  Segment part 27. ROOT.
           ENTRY                   ADDRESS         REF BY
           =====                   =======         ======
           port0_ISR::??INTVEC 107
                                   0000006B 
    -------------------------------------------------------------------------
INTVEC
  Common segment, address: CODE 00000000 - 0000007D (0x7e bytes), align: 0
  Segment part 28. ROOT.
           ENTRY                   ADDRESS         REF BY
           =====                   =======         ======
           port1_ISR::??INTVEC 123
                                   0000007B 
    -------------------------------------------------------------------------
INTVEC
  Common segment, address: CODE 00000000 - 00000085 (0x86 bytes), align: 0
  Segment part 29. ROOT.
           ENTRY                   ADDRESS         REF BY
           =====                   =======         ======
           rfIsr::??INTVEC 131     00000083 
    -------------------------------------------------------------------------
XDATA_ID
  Relative segment, address: CODE 00000116 - 0000012C (0x17 bytes), align: 0
  Segment part 36.            Intra module refs:   Segment part 35
    -------------------------------------------------------------------------
XDATA_ID
  Relative segment, address: CODE 0000012D - 0000013B (0xf bytes), align: 0
  Segment part 38.            Intra module refs:   Segment part 37
    -------------------------------------------------------------------------
XDATA_ID
  Relative segment, address: CODE 0000013C - 00000142 (0x7 bytes), align: 0
  Segment part 40.            Intra module refs:   Segment part 39
    -------------------------------------------------------------------------
XDATA_ID
  Relative segment, address: CODE 00000143 - 0000014B (0x9 bytes), align: 0
  Segment part 42.            Intra module refs:   Segment part 41
    -------------------------------------------------------------------------
XDATA_ID
  Relative segment, address: CODE 0000014C - 00000153 (0x8 bytes), align: 0
  Segment part 44.            Intra module refs:   Segment part 43
    -------------------------------------------------------------------------
XDATA_ID
  Relative segment, address: CODE 00000154 - 0000015F (0xc bytes), align: 0
  Segment part 46.            Intra module refs:   rxi
    -------------------------------------------------------------------------
XDATA_ID
  Relative segment, address: CODE 00000160 - 00000163 (0x4 bytes), align: 0
  Segment part 60.            Intra module refs:   temp_data
    -------------------------------------------------------------------------
XDATA_ID
  Relative segment, address: CODE 00000164 - 00000167 (0x4 bytes), align: 0
  Segment part 62.            Intra module refs:   __Constant_0
    -------------------------------------------------------------------------
XDATA_ID
  Relative segment, address: CODE 00000168 - 0000016B (0x4 bytes), align: 0
  Segment part 64.            Intra module refs:   __Constant_41200000
    -------------------------------------------------------------------------
XDATA_ID
  Relative segment, address: CODE 0000016C - 0000016F (0x4 bytes), align: 0
  Segment part 66.            Intra module refs:   __Constant_3d800000
    -------------------------------------------------------------------------
BANK_RELAYS
  Relative segment, address: CODE 00000170 - 00000175 (0x6 bytes), align: 0
  Segment part 68.            Intra module refs:   basicRfInit
           LOCAL                   ADDRESS         
           =====                   =======         
           basicRfRxFrmDoneIsr::?relay
                                   00000170 
    -------------------------------------------------------------------------
BANK_RELAYS
  Relative segment, address: CODE 00000176 - 0000017B (0x6 bytes), align: 0
  Segment part 71.            Intra module refs:   main
           ENTRY                   ADDRESS         REF BY
           =====                   =======         ======
           basicRfInit::?relay     00000176 
    -------------------------------------------------------------------------
BANK_RELAYS
  Relative segment, address: CODE 0000017C - 00000181 (0x6 bytes), align: 0
  Segment part 74.            Intra module refs:   main
           ENTRY                   ADDRESS         REF BY
           =====                   =======         ======
           clockSetMainSrc::?relay
                                   0000017C 
    -------------------------------------------------------------------------
BANK_RELAYS
  Relative segment, address: CODE 00000182 - 00000187 (0x6 bytes), align: 0
  Segment part 76.            Intra module refs:   main
           ENTRY                   ADDRESS         REF BY
           =====                   =======         ======
           clockSelect32k::?relay
                                   00000182 
    -------------------------------------------------------------------------
BANK_RELAYS
  Relative segment, address: CODE 00000188 - 0000018D (0x6 bytes), align: 0
  Segment part 78.            Intra module refs:   halMcuWaitMs
           ENTRY                   ADDRESS         REF BY
           =====                   =======         ======
           halMcuWaitUs::?relay    00000188 
    -------------------------------------------------------------------------
BANK_RELAYS
  Relative segment, address: CODE 0000018E - 00000193 (0x6 bytes), align: 0
  Segment part 80.            Intra module refs:   main
           ENTRY                   ADDRESS         REF BY
           =====                   =======         ======
           halMcuWaitMs::?relay    0000018E 
    -------------------------------------------------------------------------
BANK_RELAYS
  Relative segment, address: CODE 00000194 - 00000199 (0x6 bytes), align: 0
  Segment part 82.            Intra module refs:   basicRfInit
                                                   main
           ENTRY                   ADDRESS         REF BY
           =====                   =======         ======
           halRfInit::?relay       00000194 
    -------------------------------------------------------------------------
BANK_RELAYS
  Relative segment, address: CODE 0000019A - 0000019F (0x6 bytes), align: 0
  Segment part 84.            Intra module refs:   ?Subroutine3
                                                   basicRfRxFrmDoneIsr
           ENTRY                   ADDRESS         REF BY
           =====                   =======         ======
           halRfReadRxBuf::?relay
                                   0000019A 
    -------------------------------------------------------------------------
BANK_RELAYS
  Relative segment, address: CODE 000001A0 - 000001A5 (0x6 bytes), align: 0
  Segment part 86.            Intra module refs:   basicRfRxFrmDoneIsr
           ENTRY                   ADDRESS         REF BY
           =====                   =======         ======
           halRfDisableRxInterrupt::?relay
                                   000001A0 
    -------------------------------------------------------------------------
BANK_RELAYS
  Relative segment, address: CODE 000001A6 - 000001AB (0x6 bytes), align: 0
  Segment part 88.            Intra module refs:   basicRfRxFrmDoneIsr
                                                   halRfInit
           ENTRY                   ADDRESS         REF BY
           =====                   =======         ======
           halRfEnableRxInterrupt::?relay
                                   000001A6 
    -------------------------------------------------------------------------
BANK_RELAYS
  Relative segment, address: CODE 000001AC - 000001B1 (0x6 bytes), align: 0
  Segment part 90.            Intra module refs:   ?Subroutine4
                                                   initial_lcd
           ENTRY                   ADDRESS         REF BY
           =====                   =======         ======
           delay::?relay           000001AC 
    -------------------------------------------------------------------------
BANK_RELAYS
  Relative segment, address: CODE 000001B2 - 000001B7 (0x6 bytes), align: 0
  Segment part 92.            Intra module refs:   ?Subroutine5
                                                   transfer_command_lcd
                                                   transfer_data_lcd
           ENTRY                   ADDRESS         REF BY
           =====                   =======         ======
           LCD_delay::?relay       000001B2 
    -------------------------------------------------------------------------
BANK_RELAYS
  Relative segment, address: CODE 000001B8 - 000001BD (0x6 bytes), align: 0
  Segment part 94.            Intra module refs:   ?Subroutine4
                                                   initial_lcd
                                                   lcd_address
                                                   main
           ENTRY                   ADDRESS         REF BY
           =====                   =======         ======
           transfer_command_lcd::?relay
                                   000001B8 
    -------------------------------------------------------------------------
BANK_RELAYS
  Relative segment, address: CODE 000001BE - 000001C3 (0x6 bytes), align: 0
  Segment part 96.            Intra module refs:   LCD_write_char
                                                   main
           ENTRY                   ADDRESS         REF BY
           =====                   =======         ======
           transfer_data_lcd::?relay
                                   000001BE 
    -------------------------------------------------------------------------
BANK_RELAYS
  Relative segment, address: CODE 000001C4 - 000001C9 (0x6 bytes), align: 0
  Segment part 100.           Intra module refs:   main
           ENTRY                   ADDRESS         REF BY
           =====                   =======         ======
           initial_lcd::?relay     000001C4 
    -------------------------------------------------------------------------
BANK_RELAYS
  Relative segment, address: CODE 000001CA - 000001CF (0x6 bytes), align: 0
  Segment part 103.           Intra module refs:   LCD_disp_Float
                                                   LCD_write_english_string
           ENTRY                   ADDRESS         REF BY
           =====                   =======         ======
           lcd_address::?relay     000001CA 
    -------------------------------------------------------------------------
BANK_RELAYS
  Relative segment, address: CODE 000001D0 - 000001D5 (0x6 bytes), align: 0
  Segment part 105.           Intra module refs:   LCD_disp_Float
                                                   LCD_write_english_string
           ENTRY                   ADDRESS         REF BY
           =====                   =======         ======
           LCD_write_char::?relay
                                   000001D0 
    -------------------------------------------------------------------------
BANK_RELAYS
  Relative segment, address: CODE 000001D6 - 000001DB (0x6 bytes), align: 0
  Segment part 107.           Intra module refs:   main
           ENTRY                   ADDRESS         REF BY
           =====                   =======         ======
           LCD_write_english_string::?relay
                                   000001D6 
    -------------------------------------------------------------------------
BANK_RELAYS
  Relative segment, address: CODE 000001DC - 000001E1 (0x6 bytes), align: 0
  Segment part 109.           Intra module refs:   main
           ENTRY                   ADDRESS         REF BY
           =====                   =======         ======
           LCD_disp_Float::?relay
                                   000001DC 
    -------------------------------------------------------------------------
BANK_RELAYS
  Relative segment, address: CODE 000001E2 - 000001E7 (0x6 bytes), align: 0
  Segment part 111.           Intra module refs:   main
           ENTRY                   ADDRESS         REF BY
           =====                   =======         ======
           UartTX_Send_String::?relay
                                   000001E2 

    *************************************************************************

  FILE NAME : Y:\GitHub\CC2350PigRun\DS18B20tempeture\Êý¾Ý½ÓÊÕÄ£¿é\ide\srf05_cc2530\iar\temp\light_switch\basic_rf_security.r51
    *************************************************************************

  FILE NAME : Y:\GitHub\CC2350PigRun\DS18B20tempeture\Êý¾Ý½ÓÊÕÄ£¿é\ide\srf05_cc2530\iar\temp\light_switch\clock.r51
    *************************************************************************

  FILE NAME : Y:\GitHub\CC2350PigRun\DS18B20tempeture\Êý¾Ý½ÓÊÕÄ£¿é\ide\srf05_cc2530\iar\temp\light_switch\hal_assert.r51
    *************************************************************************

  FILE NAME : Y:\GitHub\CC2350PigRun\DS18B20tempeture\Êý¾Ý½ÓÊÕÄ£¿é\ide\srf05_cc2530\iar\temp\light_switch\hal_board.r51
    *************************************************************************

  FILE NAME : Y:\GitHub\CC2350PigRun\DS18B20tempeture\Êý¾Ý½ÓÊÕÄ£¿é\ide\srf05_cc2530\iar\temp\light_switch\hal_digio.r51
    *************************************************************************

  FILE NAME : Y:\GitHub\CC2350PigRun\DS18B20tempeture\Êý¾Ý½ÓÊÕÄ£¿é\ide\srf05_cc2530\iar\temp\light_switch\hal_int.r51
    *************************************************************************

  FILE NAME : Y:\GitHub\CC2350PigRun\DS18B20tempeture\Êý¾Ý½ÓÊÕÄ£¿é\ide\srf05_cc2530\iar\temp\light_switch\hal_lcd_srf05.r51
    *************************************************************************

  FILE NAME : Y:\GitHub\CC2350PigRun\DS18B20tempeture\Êý¾Ý½ÓÊÕÄ£¿é\ide\srf05_cc2530\iar\temp\light_switch\hal_mcu.r51
    *************************************************************************

  FILE NAME : Y:\GitHub\CC2350PigRun\DS18B20tempeture\Êý¾Ý½ÓÊÕÄ£¿é\ide\srf05_cc2530\iar\temp\light_switch\hal_rf.r51
    *************************************************************************

  FILE NAME : Y:\GitHub\CC2350PigRun\DS18B20tempeture\Êý¾Ý½ÓÊÕÄ£¿é\ide\srf05_cc2530\iar\temp\light_switch\hal_rf_security.r51
    *************************************************************************

  FILE NAME : Y:\GitHub\CC2350PigRun\DS18B20tempeture\Êý¾Ý½ÓÊÕÄ£¿é\ide\srf05_cc2530\iar\temp\light_switch\receive.r51
    *************************************************************************

  FILE NAME : Y:\GitHub\CC2350PigRun\DS18B20tempeture\Êý¾Ý½ÓÊÕÄ£¿é\ide\srf05_cc2530\iar\temp\light_switch\util.r51
    *************************************************************************

  FILE NAME : Y:\GitHub\CC2350PigRun\DS18B20tempeture\Êý¾Ý½ÓÊÕÄ£¿é\ide\srf05_cc2530\iar\temp\light_switch\util_buffer.r51
    *************************************************************************

  FILE NAME : C:\Program Files\IAR Systems\Embedded Workbench 6.0 Evaluation\8051\LIB\CLIB\cl-pli-blpd-1e16x01.r51
  LIBRARY MODULE, NAME : ?cexit

  SEGMENTS IN THE MODULE
  ======================
CSTART
  Relative segment, address: CODE 00000086 - 0000008A (0x5 bytes), align: 0
  Segment part 0.
           ENTRY                   ADDRESS         REF BY
           =====                   =======         ======
           exit                    00000086        ?call_main (?cmain)
           ?C_EXIT                 00000086 
           ?ROM_MONITOR_NOPS       00000086 

    -------------------------------------------------------------------------
  LIBRARY MODULE, NAME : ?cmain

  SEGMENTS IN THE MODULE
  ======================
CSTART
  Relative segment, address: CODE 0000008B, align: 0
  Segment part 0.
           ENTRY                   ADDRESS         REF BY
           =====                   =======         ======
           ?cmain                  0000008B        Segment part 13 (CSTARTUP)
    -------------------------------------------------------------------------
CSTART
  Relative segment, address: CODE 0000008B - 00000093 (0x9 bytes), align: 0
  Segment part 1.
           ENTRY                   ADDRESS         REF BY
           =====                   =======         ======
           __low_level_init_call   0000008B        __low_level_init (?low_level_init)
    -------------------------------------------------------------------------
CSTART
  Relative segment, address: CODE 00000094 - 000000A3 (0x10 bytes), align: 0
  Segment part 11.
           ENTRY                   ADDRESS         REF BY
           =====                   =======         ======
           __INIT_XDATA_Z          00000094        Data_receive (basic_rf)
                                                   basicRfConfig (basic_rf)
                                                   pConfig (basic_rf)
                                                   pRxData (basic_rf)
                                                   pfISR (basic_rf)
                                                   port0_isr_tbl (basic_rf)
                                                   port1_isr_tbl (basic_rf)
                                                   port2_isr_tbl (basic_rf)
                                                   rxMpdu (basic_rf)
                                                   temperture (basic_rf)
                                                   txState (basic_rf)
    -------------------------------------------------------------------------
CSTART
  Relative segment, address: CODE 000000A4 - 000000CC (0x29 bytes), align: 0
  Segment part 28.
           ENTRY                   ADDRESS         REF BY
           =====                   =======         ======
           __INIT_XDATA_I          000000A4        Segment part 35 (basic_rf)
                                                   Segment part 37 (basic_rf)
                                                   Segment part 39 (basic_rf)
                                                   Segment part 41 (basic_rf)
                                                   Segment part 43 (basic_rf)
                                                   __Constant_0 (basic_rf)
                                                   __Constant_3d800000 (basic_rf)
                                                   __Constant_41200000 (basic_rf)
                                                   rxi (basic_rf)
                                                   temp_data (basic_rf)
    -------------------------------------------------------------------------
CSTART
  Relative segment, address: CODE 000000CD, align: 0
  Segment part 32.            Intra module refs:   __low_level_init_call
    -------------------------------------------------------------------------
CSTART
  Relative segment, address: CODE 000000CD - 000000E2 (0x16 bytes), align: 0
  Segment part 33.            Intra module refs:   ?cmain
           ENTRY                   ADDRESS         REF BY
           =====                   =======         ======
           ?call_main              000000CD 

    -------------------------------------------------------------------------
  LIBRARY MODULE, NAME : CSTARTUP

  SEGMENTS IN THE MODULE
  ======================
REGISTERS
  Relative segment, address: DATA 00000000, align: 0
  Segment part 0.             Intra module refs:   Segment part 6
           ENTRY                   ADDRESS         REF BY
           =====                   =======         ======
           ?REGISTERS              00000000 
    -------------------------------------------------------------------------
ISTACK
  Relative segment, address: IDATA 000000C0, align: 0
  Segment part 1.             Intra module refs:   Segment part 6
           ENTRY                   ADDRESS         REF BY
           =====                   =======         ======
           ?ISTACK_START           000000C0 
    -------------------------------------------------------------------------
PSTACK
  Relative segment, address: XDATA 00001E00, align: 0
  Segment part 2.             Intra module refs:   ?RESET_PSP
           ENTRY                   ADDRESS         REF BY
           =====                   =======         ======
           ?PSTACK_START           00001E00 
    -------------------------------------------------------------------------
INTVEC
  Common segment, address: CODE 00000000 - 00000002 (0x3 bytes), align: 0
  Segment part 5. ROOT.       Intra module refs:   Segment part 6
    -------------------------------------------------------------------------
CSTART
  Relative segment, address: CODE 000000E3 - 000000E8 (0x6 bytes), align: 0
  Segment part 6. ROOT.       Intra module refs:   Segment part 5
           ENTRY                   ADDRESS         REF BY
           =====                   =======         ======
           __program_start         000000E3        Absolute parts (?ABS_ENTRY_MOD)
           ?RESET_SP               000000E6 
    -------------------------------------------------------------------------
CSTART
  Relative segment, address: CODE 000000E9 - 000000EB (0x3 bytes), align: 0
  Segment part 7.
           ENTRY                   ADDRESS         REF BY
           =====                   =======         ======
           ?RESET_PSP              000000E9        ?PSP (VIRTUAL_REGISTERS)
    -------------------------------------------------------------------------
CSTART
  Relative segment, address: CODE 000000EC - 000000EE (0x3 bytes), align: 0
  Segment part 9.
           ENTRY                   ADDRESS         REF BY
           =====                   =======         ======
           ?RESET_CODE_BANK        000000EC        Absolute parts (?BANKED_CODE_SUPPORT)
    -------------------------------------------------------------------------
CSTART
  Relative segment, address: CODE 000000EF - 000000F1 (0x3 bytes), align: 0
  Segment part 11.            Intra module refs:   ?RESET_PSP
           ENTRY                   ADDRESS         REF BY
           =====                   =======         ======
           ?RESET_PDATA_BANK       000000EF 
    -------------------------------------------------------------------------
CSTART
  Relative segment, address: CODE 000000F2 - 000000F4 (0x3 bytes), align: 0
  Segment part 13.            Intra module refs:   Absolute parts

    -------------------------------------------------------------------------
  LIBRARY MODULE, NAME : VIRTUAL_REGISTERS

  SEGMENTS IN THE MODULE
  ======================
BREG
  Relative segment, address: BIT 00000020.0 - 00000020.7 (0x8 bits), align: 0
  Segment part 0.
           ENTRY                   ADDRESS         REF BY
           =====                   =======         ======
           ?B0                     00000020.0      Absolute parts (CSTARTUP)
    -------------------------------------------------------------------------
VREG
  Relative segment, address: DATA 00000008, align: 0
  Segment part 1.
           ENTRY                   ADDRESS         REF BY
           =====                   =======         ======
           ?V0                     00000008        ?BANKED_ENTER_PDATA (?BANKED_ENTER_PDATA)
                                                   ?BANKED_LEAVE_PDATA (?BANKED_LEAVE_PDATA)
                                                   ?INTERRUPT_ENTER_PSP (?INTERRUPT_ENTER_PSP)
                                                   ?INTERRUPT_LEAVE_PSP (?INTERRUPT_LEAVE_PSP)
                                                   ?R2345_FLT_TO_L (?FLT_TO_L)
                                                   ?Subroutine5 (basic_rf)
                                                   LCD_disp_Float (basic_rf)
                                                   LCD_write_char (basic_rf)
                                                   LCD_write_english_string (basic_rf)
                                                   main (basic_rf)
[...]
  ======================
RCODE
  Relative segment, address: CODE 00000553 - 00000577 (0x25 bytes), align: 0
  Segment part 1.
           ENTRY                   ADDRESS         REF BY
           =====                   =======         ======
           ?FLT_SUB                00000553        LCD_disp_Float (basic_rf)
    -------------------------------------------------------------------------
RCODE
  Relative segment, address: CODE 00000578 - 0000078E (0x217 bytes), align: 0
  Segment part 3.             Intra module refs:   ?FLT_SUB
           ENTRY                   ADDRESS         REF BY
           =====                   =======         ======
           ?FLT_ADD                00000578 

    -------------------------------------------------------------------------
  LIBRARY MODULE, NAME : ?L_NEG

  SEGMENTS IN THE MODULE
  ======================
RCODE
  Relative segment, address: CODE 0000078F - 00000791 (0x3 bytes), align: 0
  Segment part 0.
           ENTRY                   ADDRESS         REF BY
           =====                   =======         ======
           ?L_NEG_REW              0000078F        ?L_TO_FLT_REW (?L_TO_FLT)
    -------------------------------------------------------------------------
RCODE
  Relative segment, address: CODE 00000792 - 000007A2 (0x11 bytes), align: 0
  Segment part 1.             Intra module refs:   ?L_NEG_REW
           ENTRY                   ADDRESS         REF BY
           =====                   =======         ======
           ?L_NEG                  00000792 

    -------------------------------------------------------------------------
  LIBRARY MODULE, NAME : ?L_MOV_PX

  SEGMENTS IN THE MODULE
  ======================
RCODE
  Relative segment, address: CODE 000007A3 - 000007B1 (0xf bytes), align: 0
  Segment part 0.
           ENTRY                   ADDRESS         REF BY
           =====                   =======         ======
           ?L_MOV_PX               000007A3        LCD_disp_Float (basic_rf)

    -------------------------------------------------------------------------
  LIBRARY MODULE, NAME : ?L_MOV_X

  SEGMENTS IN THE MODULE
  ======================
RCODE
  Relative segment, address: CODE 000007B2 - 000007C0 (0xf bytes), align: 0
  Segment part 0.
           ENTRY                   ADDRESS         REF BY
           =====                   =======         ======
           ?L_MOV_X                000007B2        LCD_disp_Float (basic_rf)
                                                   main (basic_rf)

    -------------------------------------------------------------------------
  LIBRARY MODULE, NAME : ?L_MOV_TO_X

  SEGMENTS IN THE MODULE
  ======================
RCODE
  Relative segment, address: CODE 000007C1 - 000007CF (0xf bytes), align: 0
  Segment part 2.
           ENTRY                   ADDRESS         REF BY
           =====                   =======         ======
           ?L_MOV_TO_X             000007C1        main (basic_rf)

    -------------------------------------------------------------------------
  LIBRARY MODULE, NAME : ?XLOAD_R2345

  SEGMENTS IN THE MODULE
  ======================
RCODE
  Relative segment, address: CODE 000007D0 - 000007DB (0xc bytes), align: 0
  Segment part 0.
           ENTRY                   ADDRESS         REF BY
           =====                   =======         ======
           ?XLOAD_R2345            000007D0        basicRfInit (basic_rf)
                                                   main (basic_rf)

    -------------------------------------------------------------------------
  LIBRARY MODULE, NAME : ?XSTORE_R2345

  SEGMENTS IN THE MODULE
  ======================
RCODE
  Relative segment, address: CODE 000007DC - 000007E7 (0xc bytes), align: 0
  Segment part 0.
           ENTRY                   ADDRESS         REF BY
           =====                   =======         ======
           ?XSTORE_R2345           000007DC        basicRfInit (basic_rf)

    -------------------------------------------------------------------------
  LIBRARY MODULE, NAME : ?MOVE_LONG8_PDATA_IDATA

  SEGMENTS IN THE MODULE
  ======================
RCODE
  Relative segment, address: CODE 000007E8 - 000007F4 (0xd bytes), align: 0
  Segment part 0.
           ENTRY                   ADDRESS         REF BY
           =====                   =======         ======
           ?MOVE_LONG8_PDATA_IDATA
                                   000007E8        ?PUSH_PSTACK_I (?PUSH_PSTACK_I)

    -------------------------------------------------------------------------
  LIBRARY MODULE, NAME : ?MOVE_LONG8_PDATA_XDATA

  SEGMENTS IN THE MODULE
  ======================
RCODE
  Relative segment, address: CODE 000007F5 - 00000801 (0xd bytes), align: 0
  Segment part 0.
           ENTRY                   ADDRESS         REF BY
           =====                   =======         ======
           ?MOVE_LONG8_PDATA_XDATA
                                   000007F5        ?PUSH_PSTACK_X (?PUSH_PSTACK_X)

    -------------------------------------------------------------------------
  LIBRARY MODULE, NAME : ?S_DIV_MOD

  SEGMENTS IN THE MODULE
  ======================
RCODE
  Relative segment, address: CODE 00000802 - 0000085A (0x59 bytes), align: 0
  Segment part 1.
           ENTRY                   ADDRESS         REF BY
           =====                   =======         ======
           ?US_DIV_MOD             00000802        LCD_disp_Float (basic_rf)

    -------------------------------------------------------------------------
  LIBRARY MODULE, NAME : ?S_SHL

  SEGMENTS IN THE MODULE
  ======================
RCODE
  Relative segment, address: CODE 0000085B - 0000085D (0x3 bytes), align: 0
  Segment part 0.
           ENTRY                   ADDRESS         REF BY
           =====                   =======         ======
           ?S_SHL                  0000085B        port0_ISR (basic_rf)
                                                   port1_ISR (basic_rf)
                                                   port2_ISR (basic_rf)
    -------------------------------------------------------------------------
RCODE
  Relative segment, address: CODE 0000085E - 00000860 (0x3 bytes), align: 0
  Segment part 1.             Intra module refs:   Segment part 2
           ENTRY                   ADDRESS         REF BY
           =====                   =======         ======
           ?S_SHL_REW              0000085E 
    -------------------------------------------------------------------------
RCODE
  Relative segment, address: CODE 00000861 - 0000086D (0xd bytes), align: 0
  Segment part 2.             Intra module refs:   ?S_SHL
                                                   ?S_SHL_REW

    -------------------------------------------------------------------------
  LIBRARY MODULE, NAME : ?CALL_IND

  SEGMENTS IN THE MODULE
  ======================
RCODE
  Relative segment, address: CODE 0000086E - 0000086F (0x2 bytes), align: 0
  Segment part 0.
           ENTRY                   ADDRESS         REF BY
           =====                   =======         ======
           ?CALL_IND               0000086E        port0_ISR (basic_rf)
                                                   port1_ISR (basic_rf)
                                                   port2_ISR (basic_rf)
                                                   rfIsr (basic_rf)

    -------------------------------------------------------------------------
  LIBRARY MODULE, NAME : ?BANKED_ENTER_PDATA

  SEGMENTS IN THE MODULE
  ======================
RCODE
  Relative segment, address: CODE 00000870 - 000008A6 (0x37 bytes), align: 0
  Segment part 0.
           ENTRY                   ADDRESS         REF BY
           =====                   =======         ======
           ?BANKED_ENTER_PDATA     00000870        LCD_disp_Float (basic_rf)
                                                   LCD_write_char (basic_rf)
                                                   LCD_write_english_string (basic_rf)
                                                   basicRfInit (basic_rf)
                                                   halMcuWaitMs (basic_rf)
                                                   lcd_address (basic_rf)
                                                   memcpy (?memcpy)
                                                   transfer_command_lcd (basic_rf)
                                                   transfer_data_lcd (basic_rf)

    -------------------------------------------------------------------------
  LIBRARY MODULE, NAME : ?BANKED_LEAVE_PDATA

  SEGMENTS IN THE MODULE
  ======================
RCODE
  Relative segment, address: CODE 000008A7 - 000008D1 (0x2b bytes), align: 0
  Segment part 0.
           ENTRY                   ADDRESS         REF BY
           =====                   =======         ======
           ?BANKED_LEAVE_PDATA     000008A7        ?Subroutine0 (basic_rf)
                                                   LCD_disp_Float (basic_rf)
                                                   LCD_write_char (basic_rf)
                                                   LCD_write_english_string (basic_rf)
                                                   halMcuWaitMs (basic_rf)
                                                   memcpy (?memcpy)

    -------------------------------------------------------------------------
  LIBRARY MODULE, NAME : ?INTERRUPT_ENTER_PSP

  SEGMENTS IN THE MODULE
  ======================
RCODE
  Relative segment, address: CODE 000008D2 - 0000091A (0x49 bytes), align: 0
  Segment part 0.
           ENTRY                   ADDRESS         REF BY
           =====                   =======         ======
           ?INTERRUPT_ENTER_PSP    000008D2        port0_ISR (basic_rf)
                                                   port1_ISR (basic_rf)
                                                   port2_ISR (basic_rf)
                                                   rfIsr (basic_rf)

    -------------------------------------------------------------------------
  LIBRARY MODULE, NAME : ?INTERRUPT_LEAVE_PSP

  SEGMENTS IN THE MODULE
  ======================
RCODE
  Relative segment, address: CODE 0000091B - 0000095D (0x43 bytes), align: 0
  Segment part 0.
           ENTRY                   ADDRESS         REF BY
           =====                   =======         ======
           ?INTERRUPT_LEAVE_PSP    0000091B        ?Subroutine1 (basic_rf)
                                                   rfIsr (basic_rf)

    -------------------------------------------------------------------------
  LIBRARY MODULE, NAME : ?PUSH_PSTACK_I

  SEGMENTS IN THE MODULE
  ======================
RCODE
  Relative segment, address: CODE 0000095E - 00000961 (0x4 bytes), align: 0
  Segment part 3.
           ENTRY                   ADDRESS         REF BY
           =====                   =======         ======
           ?PUSH_PSTACK_I_TWO      0000095E        main (basic_rf)
    -------------------------------------------------------------------------
RCODE
  Relative segment, address: CODE 00000962 - 00000972 (0x11 bytes), align: 0
  Segment part 5.             Intra module refs:   ?PUSH_PSTACK_I_TWO
           ENTRY                   ADDRESS         REF BY
           =====                   =======         ======
           ?PUSH_PSTACK_I          00000962 

    -------------------------------------------------------------------------
  LIBRARY MODULE, NAME : ?PUSH_PSTACK_X

  SEGMENTS IN THE MODULE
  ======================
RCODE
  Relative segment, address: CODE 00000973 - 00000976 (0x4 bytes), align: 0
  Segment part 0.
           ENTRY                   ADDRESS         REF BY
           =====                   =======         ======
           ?PUSH_PSTACK_X_FOUR     00000973        main (basic_rf)
    -------------------------------------------------------------------------
RCODE
  Relative segment, address: CODE 00000977 - 00000987 (0x11 bytes), align: 0
  Segment part 4.             Intra module refs:   ?PUSH_PSTACK_X_FOUR
           ENTRY                   ADDRESS         REF BY
           =====                   =======         ======
           ?PUSH_PSTACK_X          00000977 

    -------------------------------------------------------------------------
  LIBRARY MODULE, NAME : ?memcpy

  SEGMENTS IN THE MODULE
  ======================
<BANKED_CODE> 1 (was BANKED_CODE)
  Relative segment, address: CODE 000014E6 - 0000152B (0x46 bytes), align: 0
  Segment part 6.             Intra module refs:   memcpy::?relay
           ENTRY                   ADDRESS         REF BY
           =====                   =======         ======
           memcpy                  000014E6 
               PSTACK = 00000002 ( 00000008 )
               ISTACK = 00000000 ( 00000001 )
    -------------------------------------------------------------------------
BANK_RELAYS
  Relative segment, address: CODE 000001E8 - 000001ED (0x6 bytes), align: 0
  Segment part 7.
           ENTRY                   ADDRESS         REF BY
           =====                   =======         ======
           memcpy::?relay          000001E8        main (basic_rf)

    -------------------------------------------------------------------------
  LIBRARY MODULE, NAME : ?low_level_init

  SEGMENTS IN THE MODULE
  ======================
CSTART
  Relative segment, address: CODE 00000113 - 00000115 (0x3 bytes), align: 0
  Segment part 6. ROOT.
           ENTRY                   ADDRESS         REF BY
           =====                   =======         ======
           __low_level_init        00000113        __low_level_init_call (?cmain)




                ****************************************
                *                                      *
                *            MODULE SUMMARY            *
                *                                      *
                ****************************************

Module                    CODE      DATA      XDATA  IDATA    BIT
------                    ----      ----      -----  -----    ---
                         (Rel)  (Rel)  (Abs)  (Rel)  (Rel)  (Rel)
?BANKED_CODE_SUPPORT        30
?BANKED_ENTER_PDATA         55
?BANKED_LEAVE_PDATA         43
?CALL_IND                    2
?FLT_ADD                   572
?FLT_EQ                     44
?FLT_LT                     76
?FLT_MUL                   384
?FLT_TEST_INF               21
?FLT_TEST_INF_R1            21
?FLT_TEST_NAN               15
?FLT_TEST_NAN_R1            15
?FLT_TEST_ZERO              10
?FLT_TEST_ZERO_R1           10
?FLT_TO_L                  153
?INTERRUPT_ENTER_PSP        73
?INTERRUPT_LEAVE_PSP        67
?L_MOV_PX                   15
?L_MOV_TO_X                 15
?L_MOV_X                    15
?L_NEG                      20
?L_TO_FLT                  120
?MOVE_LONG8_PDATA_IDATA     13
?MOVE_LONG8_PDATA_XDATA     13
?PUSH_PSTACK_I              21
?PUSH_PSTACK_X              21
?S_DIV_MOD                  89
?S_SHL                      19
?XLOAD_R2345                12
?XSTORE_R2345               12
?cexit                       5
?cmain                      88
?low_level_init              3
?memcpy                     76
CSTARTUP                    18
  + common                   3
VIRTUAL_REGISTERS                   1                           8
basic_rf                 3 120            25    285
  + common                 134
N/A (command line)                 16           128     64
N/A (alignment)
----------               -----     --     --    ---     --      -
Total:                   5 286     17     25    413     64      8
  + common                 134


                ****************************************
                *                                      *
                *      SEGMENTS IN ADDRESS ORDER       *
                *                                      *
                ****************************************


SEGMENT              SPACE    START ADDRESS   END ADDRESS     SIZE  TYPE  ALIGN
=======              =====    =============   ===========     ====  ====  =====
INTVEC               CODE          00000000 - 00000085          86   com    0
CSTART               CODE          00000086 - 00000115          90   rel    0
DATA_ID              CODE               00000116                     dse    0
BDATA_ID             CODE               00000116                     dse    0
IXDATA_ID            CODE               00000116                     dse    0
PDATA_ID             CODE               00000116                     dse    0
IDATA_ID             CODE               00000116                     dse    0
BIT_ID               CODE               00000116                     dse    0
XDATA_ID             CODE          00000116 - 0000016F          5A   rel    0
BANK_RELAYS          CODE          00000170 - 000001ED          7E   rel    0
RCODE                CODE          000001EE - 00000987         79A   rel    0
DIFUNCT              CODE               00000988                     dse    0
CODE_C               CODE          00000988 - 00000BAF         228   rel    0
CODE_N               CODE               00000BB0                     dse    0
NEAR_CODE            CODE          00000BB0 - 00000D04         155   rel    0
<BANKED_CODE> 1      CODE          00000D05 - 0000152B         827   rel    0
REGISTERS            DATA          00000000 - 00000007           8   rel    0
VREG                 DATA          00000008 - 0000000F           8   rel    0
PSP                  DATA          00000010 - 00000010           1   rel    0
BREG                 BIT        00000020.0  -  00000020.7        8   rel    0
SFR_AN               DATA          00000086 - 00000086           1   rel    0
                     DATA          00000089 - 0000008B           3 
                     DATA          00000090 - 00000090           1 
                     DATA          0000009A - 0000009B           2 
                     DATA          0000009D - 0000009E           2 
                     DATA          000000A8 - 000000A8           1 
                     DATA          000000BE - 000000BE           1 
                     DATA          000000C0 - 000000C2           3 
                     DATA          000000C5 - 000000C6           2 
                     DATA          000000D9 - 000000D9           1 
                     DATA          000000E1 - 000000E1           1 
                     DATA          000000E8 - 000000E9           2 
                     DATA          000000F1 - 000000F1           1 
                     DATA          000000F3 - 000000F3           1 
                     DATA          000000FD - 000000FF           3 
XDATA_Z              XDATA         00000001 - 000000C3          C3   rel    0
XDATA_I              XDATA         000000C4 - 0000011D          5A   rel    0
PDATA_Z              XDATA              00001E00                     dse    0
PSTACK               XDATA         00001E00 - 00001E7F          80   rel    0
ISTACK               IDATA         000000C0 - 000000FF          40   rel    0

                ****************************************
                *                                      *
                *        END OF CROSS REFERENCE        *
                *                                      *
                ****************************************

 5 420 bytes of CODE  memory
    17 bytes of DATA  memory (+ 25 absolute )
   413 bytes of XDATA memory
    64 bytes of IDATA memory
     8 bits  of BIT   memory

Errors: none
Warnings: none

